Archive member included to satisfy reference by file (symbol)

lib/libfree42_bcd_rel.a(core_main.o)
                              build/dm42_fns.o (core_init(int, int))
lib/libfree42_bcd_rel.a(core_commands4.o)
                              lib/libfree42_bcd_rel.a(core_main.o) (docmd_stoel(arg_struct*))
lib/libfree42_bcd_rel.a(core_display.o)
                              build/dm42_fns.o (core_display_buffer())
lib/libfree42_bcd_rel.a(core_globals.o)
                              lib/libfree42_bcd_rel.a(core_main.o) (clear_all_prgms())
lib/libfree42_bcd_rel.a(core_helpers.o)
                              lib/libfree42_bcd_rel.a(core_globals.o) (unguarded_malloc(unsigned int, char const*, int))
lib/libfree42_bcd_rel.a(core_keydown.o)
                              lib/libfree42_bcd_rel.a(core_main.o) (keydown(int, int))
lib/libfree42_bcd_rel.a(core_linalg1.o)
                              lib/libfree42_bcd_rel.a(core_commands4.o) (linalg_div(vartype const*, vartype const*, void (*)(int, vartype*)))
lib/libfree42_bcd_rel.a(core_linalg2.o)
                              lib/libfree42_bcd_rel.a(core_linalg1.o) (lu_decomp_r(vartype_realmatrix*, int*, int (*)(int, vartype_realmatrix*, int*, Phloat)))
lib/libfree42_bcd_rel.a(core_math1.o)
                              lib/libfree42_bcd_rel.a(core_globals.o) (persist_math())
lib/libfree42_bcd_rel.a(core_math2.o)
                              lib/libfree42_bcd_rel.a(core_commands4.o) (math_tan(Phloat, Phloat*, bool))
lib/libfree42_bcd_rel.a(core_phloat.o)
                              lib/libfree42_bcd_rel.a(core_main.o) (phloat_init())
lib/libfree42_bcd_rel.a(core_sto_rcl.o)
                              lib/libfree42_bcd_rel.a(core_commands4.o) (generic_rcl(arg_struct*, vartype**))
lib/libfree42_bcd_rel.a(core_tables.o)
                              lib/libfree42_bcd_rel.a(core_main.o) (cmdlist(int))
lib/libfree42_bcd_rel.a(core_variables.o)
                              lib/libfree42_bcd_rel.a(core_main.o) (new_real(Phloat))
lib/libfree42_bcd_rel.a(core_aux.o)
                              lib/libfree42_bcd_rel.a(core_variables.o) (recall_vvar(char const*, int))
lib/libfree42_bcd_rel.a(core_commands1.o)
                              lib/libfree42_bcd_rel.a(core_tables.o) (docmd_clx(arg_struct*))
lib/libfree42_bcd_rel.a(core_commands2.o)
                              lib/libfree42_bcd_rel.a(core_tables.o) (docmd_sf(arg_struct*))
lib/libfree42_bcd_rel.a(core_commands3.o)
                              lib/libfree42_bcd_rel.a(core_tables.o) (docmd_acosh(arg_struct*))
lib/libfree42_bcd_rel.a(core_commands5.o)
                              lib/libfree42_bcd_rel.a(core_display.o) (appmenu_exitcallback_2(int, bool))
lib/libfree42_bcd_rel.a(core_commands6.o)
                              lib/libfree42_bcd_rel.a(core_tables.o) (docmd_sin(arg_struct*))
lib/libfree42_bcd_rel.a(core_commands7.o)
                              lib/libfree42_bcd_rel.a(core_tables.o) (docmd_adate(arg_struct*))
lib/gcc111libbid_hard.a(bid128_acos.o)
                              lib/libfree42_bcd_rel.a(core_phloat.o) (__bid128_acos)
lib/gcc111libbid_hard.a(bid128_acosh.o)
                              lib/libfree42_bcd_rel.a(core_phloat.o) (__bid128_acosh)
lib/gcc111libbid_hard.a(bid128_asin.o)
                              lib/libfree42_bcd_rel.a(core_phloat.o) (__bid128_asin)
lib/gcc111libbid_hard.a(bid128_asinh.o)
                              lib/libfree42_bcd_rel.a(core_phloat.o) (__bid128_asinh)
lib/gcc111libbid_hard.a(bid128_atan.o)
                              lib/libfree42_bcd_rel.a(core_phloat.o) (__bid128_atan)
lib/gcc111libbid_hard.a(bid128_atan2.o)
                              lib/libfree42_bcd_rel.a(core_phloat.o) (__bid128_atan2)
lib/gcc111libbid_hard.a(bid128_atanh.o)
                              lib/libfree42_bcd_rel.a(core_phloat.o) (__bid128_atanh)
lib/gcc111libbid_hard.a(bid128_cos.o)
                              lib/libfree42_bcd_rel.a(core_phloat.o) (__bid128_cos)
lib/gcc111libbid_hard.a(bid128_cosh.o)
                              lib/libfree42_bcd_rel.a(core_phloat.o) (__bid128_cosh)
lib/gcc111libbid_hard.a(bid128_exp.o)
                              lib/libfree42_bcd_rel.a(core_phloat.o) (__bid128_exp)
lib/gcc111libbid_hard.a(bid128_expm1.o)
                              lib/libfree42_bcd_rel.a(core_phloat.o) (__bid128_expm1)
lib/gcc111libbid_hard.a(bid128_hypot.o)
                              lib/libfree42_bcd_rel.a(core_phloat.o) (__bid128_hypot)
lib/gcc111libbid_hard.a(bid128_log.o)
                              lib/libfree42_bcd_rel.a(core_phloat.o) (__bid128_log)
lib/gcc111libbid_hard.a(bid128_log10.o)
                              lib/libfree42_bcd_rel.a(core_phloat.o) (__bid128_log10)
lib/gcc111libbid_hard.a(bid128_log1p.o)
                              lib/libfree42_bcd_rel.a(core_phloat.o) (__bid128_log1p)
lib/gcc111libbid_hard.a(bid128_pow.o)
                              lib/libfree42_bcd_rel.a(core_phloat.o) (__bid128_pow)
[...]
Memory Configuration

Name             Origin             Length             Attributes
FLASH            0x0000000008050000 0x00000000000b0000 xr
RAM              0x0000000010000000 0x0000000000002000 xrw
QSPI             0x0000000090000000 0x0000000000200000 xr
*default*        0x0000000000000000 0xffffffffffffffff

Linker script and memory map

LOAD /opt/gcc-arm-none-eabi/bin/../lib/gcc/arm-none-eabi/8.2.1/thumb/v7e-m+fp/hard/crti.o
LOAD /opt/gcc-arm-none-eabi/bin/../lib/gcc/arm-none-eabi/8.2.1/thumb/v7e-m+fp/hard/crtbegin.o
LOAD /opt/gcc-arm-none-eabi/bin/../lib/gcc/arm-none-eabi/8.2.1/../../../../arm-none-eabi/lib/thumb/v7e-m+fp/hard/crt0.o
LOAD build/pgm_syscalls.o
LOAD build/dm42_fns.o
LOAD build/dm42_menu.o
LOAD build/startup_pgm.o
LOAD lib/libfree42_bcd_rel.a
LOAD lib/gcc111libbid_hard.a
START GROUP
LOAD /opt/gcc-arm-none-eabi/bin/../lib/gcc/arm-none-eabi/8.2.1/thumb/v7e-m+fp/hard/libgcc.a
LOAD /opt/gcc-arm-none-eabi/bin/../lib/gcc/arm-none-eabi/8.2.1/../../../../arm-none-eabi/lib/thumb/v7e-m+fp/hard/libc.a
END GROUP
LOAD /opt/gcc-arm-none-eabi/bin/../lib/gcc/arm-none-eabi/8.2.1/thumb/v7e-m+fp/hard/crtend.o
LOAD /opt/gcc-arm-none-eabi/bin/../lib/gcc/arm-none-eabi/8.2.1/thumb/v7e-m+fp/hard/crtn.o

.qspi           0x0000000090000000   0x14eaf0
                0x0000000090000000                . = ALIGN (0x8)
                0x0000000090000000                _qspi_start = .
 *(.qspi)
 *(.qspi*)
 *(.rodata.__bid_mod10_18_tbl)
 .rodata.__bid_mod10_18_tbl
                0x0000000090000000     0x2400 lib/gcc111libbid_hard.a(bid128_2_str_tables.o)
                0x0000000090000000                __bid_mod10_18_tbl
 *(.rodata.__bid_convert_table)
 .rodata.__bid_convert_table
                0x0000000090002400     0x1400 lib/gcc111libbid_hard.a(bid_convert_data.o)
                0x0000000090002400                __bid_convert_table
 *(.rodata.bid_log_table_1)
 .rodata.bid_log_table_1
                0x0000000090003800     0x1000 lib/gcc111libbid_hard.a(bid128_pow.o)
 *(.rodata.bid_log_table_2)
 .rodata.bid_log_table_2
                0x0000000090004800     0x1000 lib/gcc111libbid_hard.a(bid128_pow.o)
 *(.rodata.bid_decimal128_moduli)
 .rodata.bid_decimal128_moduli
                0x0000000090005800    0x48090 lib/gcc111libbid_hard.a(bid128_cos.o)
                0x0000000090005800                bid_decimal128_moduli
 *(.rodata.bid_exponents_bid64)
 .rodata.bid_exponents_bid64
                0x000000009004d890     0x28b4 lib/gcc111libbid_hard.a(bid_binarydecimal.o)
 *(.rodata.bid_exponents_binary128)
 .rodata.bid_exponents_binary128
                0x0000000090050144     0x9b38 lib/gcc111libbid_hard.a(bid_binarydecimal.o)
 *(.rodata.bid_breakpoints_binary128)
 *fill*         0x0000000090059c7c        0x4 
 .rodata.bid_breakpoints_binary128
                0x0000000090059c80    0x26ce0 lib/gcc111libbid_hard.a(bid_binarydecimal.o)
 *(.rodata.bid_breakpoints_bid64)
 .rodata.bid_breakpoints_bid64
                0x0000000090080960     0xa2d0 lib/gcc111libbid_hard.a(bid_binarydecimal.o)
 *(.rodata.bid_multipliers1_binary128)
 .rodata.bid_multipliers1_binary128
                0x000000009008ac30    0x4d9c0 lib/gcc111libbid_hard.a(bid_binarydecimal.o)
 *(.rodata.bid_multipliers2_bid64)
 .rodata.bid_multipliers2_bid64
                0x00000000900d85f0    0x145a0 lib/gcc111libbid_hard.a(bid_binarydecimal.o)
 *(.rodata.bid_multipliers1_bid64)
 .rodata.bid_multipliers1_bid64
                0x00000000900ecb90    0x145a0 lib/gcc111libbid_hard.a(bid_binarydecimal.o)
 *(.rodata.bid_multipliers2_binary128)
 .rodata.bid_multipliers2_binary128
                0x0000000090101130    0x4d9c0 lib/gcc111libbid_hard.a(bid_binarydecimal.o)
                0x000000009014eaf0                . = ALIGN (0x8)
                0x000000009014eaf0                _qspi_end = .

.rodata         0x0000000008050000    0x178f0
 *(.rodata.prog_info)
 .rodata.prog_info
                0x0000000008050000       0x3c build/pgm_syscalls.o
                0x0000000008050000                prog_info
                0x0000000008050040                . = ALIGN (0x40)
 *fill*         0x000000000805003c        0x4 
 *(.rodata)
 .rodata        0x0000000008050040       0x28 build/dm42_fns.o
 .rodata        0x0000000008050068       0x18 build/dm42_menu.o
 .rodata        0x0000000008050080       0x10 lib/gcc111libbid_hard.a(bid128_pow.o)
 .rodata        0x0000000008050090       0x10 lib/gcc111libbid_hard.a(bid128_fma.o)
 .rodata        0x00000000080500a0       0x10 lib/gcc111libbid_hard.a(bid128_mul.o)
 *(.rodata*)
 .rodata._Z10hp2utfcharPch.str1.4
                0x00000000080500b0       0x88 build/dm42_fns.o
 .rodata._Z11shell_printPKciS0_iiiii.str1.4
                0x0000000008050138        0x6 build/dm42_fns.o
 *fill*         0x000000000805013e        0x2 
 .rodata._Z17shell_malloc_failjPKci.str1.4
                0x0000000008050140       0x62 build/dm42_fns.o
 *fill*         0x00000000080501a2        0x2 
 .rodata._Z8hp2asciiPcPKci.str1.4
                0x00000000080501a4       0x9a build/dm42_fns.o
                                         0xaa (size before relaxing)
 *fill*         0x000000000805023e        0x2 
 .rodata._ZL16hp2printer_table
                0x0000000008050240       0x23 build/dm42_fns.o
 *fill*         0x0000000008050263        0x1 
 .rodata._ZL18alpha_lower_transl
                0x0000000008050264       0x27 build/dm42_fns.o
 *fill*         0x000000000805028b        0x1 
 .rodata._ZL24alpha_shift_lower_transl
                0x000000000805028c       0x27 build/dm42_fns.o
 *fill*         0x00000000080502b3        0x1 
 .rodata._ZL24alpha_shift_upper_transl
                0x00000000080502b4       0x27 build/dm42_fns.o
 *fill*         0x00000000080502db        0x1 
 .rodata._ZL5ann00
                0x00000000080502dc      0x201 build/dm42_fns.o
 *fill*         0x00000000080504dd        0x3 
 .rodata._ZL5ann01
                0x00000000080504e0      0x1a1 build/dm42_fns.o
 *fill*         0x0000000008050681        0x3 
 .rodata._ZL5ann02
                0x0000000008050684      0x201 build/dm42_fns.o
 *fill*         0x0000000008050885        0x3 
 .rodata._ZL5ann03
                0x0000000008050888      0x201 build/dm42_fns.o
 *fill*         0x0000000008050a89        0x3 
 .rodata._ZL6ann_dx
                0x0000000008050a8c        0x8 build/dm42_fns.o
 .rodata._ZL8ann_offs
                0x0000000008050a94        0x7 build/dm42_fns.o
 *fill*         0x0000000008050a9b        0x1 
 .rodata._ZL9ann_lcd_x
                0x0000000008050a9c       0x10 build/dm42_fns.o
 .rodata.alpha_upper_transl
                0x0000000008050aac       0x27 build/dm42_fns.o
                0x0000000008050aac                alpha_upper_transl
 *fill*         0x0000000008050ad3        0x1 
 .rodata.copy_reset_state_filename.str1.4
                0x0000000008050ad4        0x5 build/dm42_fns.o
 *fill*         0x0000000008050ad9        0x3 
 .rodata.disp_header.part.11.str1.4
                0x0000000008050adc        0xd build/dm42_fns.o
 *fill*         0x0000000008050ae9        0x3 
 .rodata.disp_regs.str1.4
                0x0000000008050aec       0x23 build/dm42_fns.o
 *fill*         0x0000000008050b0f        0x1 
 .rodata.program_main.str1.4
                0x0000000008050b10       0x1e build/dm42_fns.o
 *fill*         0x0000000008050b2e        0x2 
 .rodata.prtof_buf_flush.str1.4
                0x0000000008050b30        0x4 build/dm42_fns.o
 .rodata.savestat_init_write.str1.4
                0x0000000008050b34        0x7 build/dm42_fns.o
 *fill*         0x0000000008050b3b        0x1 
 .rodata.set_print_to_file.part.8.str1.4
                0x0000000008050b3c       0x80 build/dm42_fns.o
 .rodata.str1.4
                0x0000000008050bbc       0x64 build/dm42_fns.o
                                         0x68 (size before relaxing)
 .rodata.MID_FILE
                0x0000000008050c20       0x10 build/dm42_menu.o
                0x0000000008050c20                MID_FILE
 .rodata.MID_MENU
                0x0000000008050c30       0x10 build/dm42_menu.o
                0x0000000008050c30                MID_MENU
 .rodata.MID_PRINT
                0x0000000008050c40       0x10 build/dm42_menu.o
                0x0000000008050c40                MID_PRINT
 .rodata.MID_STACK_AREA
                0x0000000008050c50       0x10 build/dm42_menu.o
                0x0000000008050c50                MID_STACK_AREA
 .rodata.MID_STACK_CONFIG
                0x0000000008050c60       0x10 build/dm42_menu.o
                0x0000000008050c60                MID_STACK_CONFIG
 .rodata.MID_STATEFILE
                0x0000000008050c70       0x10 build/dm42_menu.o
                0x0000000008050c70                MID_STATEFILE
 .rodata.MID_TOPBAR
                0x0000000008050c80       0x10 build/dm42_menu.o
                0x0000000008050c80                MID_TOPBAR
 .rodata._ZL10mid_topbar
                0x0000000008050c90        0x8 build/dm42_menu.o
 .rodata._ZL12MID_SETTINGS
                0x0000000008050c98       0x10 build/dm42_menu.o
 .rodata._ZL12mid_settings
                0x0000000008050ca8        0x8 build/dm42_menu.o
 .rodata._ZL13mid_statefile
                0x0000000008050cb0        0x4 build/dm42_menu.o
 .rodata._ZL14mid_stack_area
                0x0000000008050cb4        0x7 build/dm42_menu.o
 *fill*         0x0000000008050cbb        0x1 
 .rodata._ZL8mid_file
                0x0000000008050cbc        0x5 build/dm42_menu.o
 *fill*         0x0000000008050cc1        0x3 
 .rodata._ZL8mid_menu
                0x0000000008050cc4        0x7 build/dm42_menu.o
 *fill*         0x0000000008050ccb        0x1 
 .rodata._ZL9mid_print
                0x0000000008050ccc        0x5 build/dm42_menu.o
 *fill*         0x0000000008050cd1        0x3 
 .rodata._ZL9mid_stack
                0x0000000008050cd4        0x8 build/dm42_menu.o
 .rodata.after_fat_format_dm42.str1.4
                0x0000000008050cdc       0x12 build/dm42_menu.o
                                         0x1b (size before relaxing)
 *fill*         0x0000000008050cee        0x2 
 .rodata.layout_str.str1.4
                0x0000000008050cf0        0xb build/dm42_menu.o
 *fill*         0x0000000008050cfb        0x1 
 .rodata.lcd_for_dm42.str1.4
                0x0000000008050cfc      0x259 build/dm42_menu.o
 *fill*         0x0000000008050f55        0x3 
 .rodata.load_statefile.str1.4
                0x0000000008050f58       0x66 build/dm42_menu.o
 *fill*         0x0000000008050fbe        0x2 
 .rodata.menu_line_str.str1.4
                0x0000000008050fc0      0x22a build/dm42_menu.o
 *fill*         0x00000000080511ea        0x2 
 .rodata.nr_str.str1.4
                0x00000000080511ec        0x7 build/dm42_menu.o
 *fill*         0x00000000080511f3        0x1 
 .rodata.pgm_export.str1.4
                0x00000000080511f4       0x3c build/dm42_menu.o
 .rodata.pgm_export_enter.str1.4
                0x0000000008051230       0x1b build/dm42_menu.o
 *fill*         0x000000000805124b        0x1 
 .rodata.pgm_import_enter.str1.4
                0x000000000805124c       0x30 build/dm42_menu.o
 .rodata.run_menu_item.str1.4
                0x000000000805127c       0x2e build/dm42_menu.o
                                         0x46 (size before relaxing)
 *fill*         0x00000000080512aa        0x2 
 .rodata.run_reset_state_file.str1.4
                0x00000000080512ac       0x3f build/dm42_menu.o
 *fill*         0x00000000080512eb        0x1 
 .rodata.save_statefile.str1.4
                0x00000000080512ec       0x11 build/dm42_menu.o
 *fill*         0x00000000080512fd        0x3 
 .rodata.select_programs.str1.4
                0x0000000008051300       0x1d build/dm42_menu.o
                                         0x28 (size before relaxing)
 *fill*         0x000000000805131d        0x3 
 .rodata.sep_str.str1.4
                0x0000000008051320        0x7 build/dm42_menu.o
 *fill*         0x0000000008051327        0x1 
 .rodata.state_str.str1.4
                0x0000000008051328        0x5 build/dm42_menu.o
                                          0xa (size before relaxing)
 *fill*         0x000000000805132d        0x3 
 .rodata.str1.4
                0x0000000008051330       0x5e build/dm42_menu.o
                                         0x62 (size before relaxing)
 *fill*         0x000000000805138e        0x2 
 .rodata.CSWTCH.848
                0x0000000008051390        0x3 lib/libfree42_bcd_rel.a(core_main.o)
 *fill*         0x0000000008051393        0x1 
 .rodata.CSWTCH.849
                0x0000000008051394        0x3 lib/libfree42_bcd_rel.a(core_main.o)
 *fill*         0x0000000008051397        0x1 
 .rodata.CSWTCH.850
                0x0000000008051398       0x18 lib/libfree42_bcd_rel.a(core_main.o)
 .rodata._Z16core_keytimeout2v.str1.4
                0x00000000080513b0        0x5 lib/libfree42_bcd_rel.a(core_main.o)
 *fill*         0x00000000080513b5        0x3 
 .rodata._Z18core_list_programsPci.str1.4
                0x00000000080513b8        0xc lib/libfree42_bcd_rel.a(core_main.o)
 .rodata._ZL12hp42tofree42
                0x00000000080513c4      0x400 lib/libfree42_bcd_rel.a(core_main.o)
 .rodata._ZL13hp41_synonyms
                0x00000000080517c4      0x250 lib/libfree42_bcd_rel.a(core_main.o)
 .rodata._ZL7hp42ext
                0x0000000008051a14      0x200 lib/libfree42_bcd_rel.a(core_main.o)
 .rodata._ZL15matx_completioniP7vartype.str1.4
                0x0000000008051c14        0x5 lib/libfree42_bcd_rel.a(core_commands4.o)
 *fill*         0x0000000008051c19        0x3 
 .rodata._ZL6matabxi.str1.4
                0x0000000008051c1c        0xd lib/libfree42_bcd_rel.a(core_commands4.o)
 *fill*         0x0000000008051c29        0x3 
 .rodata.CSWTCH.372
                0x0000000008051c2c       0x28 lib/libfree42_bcd_rel.a(core_display.o)
 .rodata.CSWTCH.373
                0x0000000008051c54       0x18 lib/libfree42_bcd_rel.a(core_display.o)
 .rodata.CSWTCH.374
                0x0000000008051c6c       0x18 lib/libfree42_bcd_rel.a(core_display.o)
 .rodata.CSWTCH.375
                0x0000000008051c84       0x18 lib/libfree42_bcd_rel.a(core_display.o)
 .rodata._Z11command2bufPciiPK10arg_struct.str1.4
                0x0000000008051c9c       0x11 lib/libfree42_bcd_rel.a(core_display.o)
 *fill*         0x0000000008051cad        0x3 
 .rodata._Z11display_memv.str1.4
                0x0000000008051cb0       0x1a lib/libfree42_bcd_rel.a(core_display.o)
 *fill*         0x0000000008051cca        0x2 
 .rodata._Z12prgmline2bufPciiiiP10arg_structbb.str1.4
                0x0000000008051ccc       0x17 lib/libfree42_bcd_rel.a(core_display.o)
 .rodata._Z13print_displayv.str1.4
                0x0000000008051ce3        0x6 lib/libfree42_bcd_rel.a(core_display.o)
 *fill*         0x0000000008051ce3        0x1 
 .rodata._Z26display_incomplete_commandi.str1.4
                0x0000000008051ce4       0x35 lib/libfree42_bcd_rel.a(core_display.o)
 *fill*         0x0000000008051d19        0x3 
 .rodata._Z4showv.str1.4
                0x0000000008051d1c        0x5 lib/libfree42_bcd_rel.a(core_display.o)
 *fill*         0x0000000008051d21        0x3 
 .rodata._Z9display_xi.str1.4
                0x0000000008051d24        0x3 lib/libfree42_bcd_rel.a(core_display.o)
 *fill*         0x0000000008051d27        0x1 
 .rodata._Z9redisplayv.str1.4
                0x0000000008051d28       0x20 lib/libfree42_bcd_rel.a(core_display.o)
 .rodata._ZL10extensions
                0x0000000008051d48       0x54 lib/libfree42_bcd_rel.a(core_display.o)
 .rodata._ZL10smallchars
                0x0000000008051d9c      0x149 lib/libfree42_bcd_rel.a(core_display.o)
 *fill*         0x0000000008051ee5        0x3 
 .rodata._ZL12draw_catalogv.str1.4
                0x0000000008051ee8       0x1c lib/libfree42_bcd_rel.a(core_display.o)
                                         0x29 (size before relaxing)
 .rodata._ZL14smallchars_map
                0x0000000008051f04       0x80 lib/libfree42_bcd_rel.a(core_display.o)
 .rodata._ZL17smallchars_offset
                0x0000000008051f84       0xc6 lib/libfree42_bcd_rel.a(core_display.o)
 *fill*         0x000000000805204a        0x2 
 .rodata._ZL7fcn_cat
                0x000000000805204c      0x3f0 lib/libfree42_bcd_rel.a(core_display.o)
 .rodata._ZL8bigchars
                0x000000000805243c      0x28a lib/libfree42_bcd_rel.a(core_display.o)
 *fill*         0x00000000080526c6        0x2 
 .rodata.CSWTCH.851
                0x00000000080526c8       0x3c lib/libfree42_bcd_rel.a(core_globals.o)
 .rodata._Z10hard_reseti.str1.4
                0x0000000008052704       0x29 lib/libfree42_bcd_rel.a(core_globals.o)
 *fill*         0x000000000805272d        0x3 
 .rodata._Z19rebuild_label_tablev.str1.4
                0x0000000008052730       0x1a lib/libfree42_bcd_rel.a(core_globals.o)
 .rodata._ZL17unpersist_vartypePP7vartypeb.str1.4
                0x000000000805274a        0x1 lib/libfree42_bcd_rel.a(core_globals.o)
 *fill*         0x000000000805274a        0x2 
 .rodata.errors
                0x000000000805274c      0x108 lib/libfree42_bcd_rel.a(core_globals.o)
                0x000000000805274c                errors
 .rodata.menus  0x0000000008052854     0x1500 lib/libfree42_bcd_rel.a(core_globals.o)
                0x0000000008052854                menus
 .rodata.str1.4
                0x0000000008053d54      0x1eb lib/libfree42_bcd_rel.a(core_globals.o)
 *fill*         0x0000000008053f3f        0x1 
 .rodata._Z14vartype2stringPK7vartypePcii.str1.4
                0x0000000008053f40       0x1e lib/libfree42_bcd_rel.a(core_helpers.o)
                                         0x2a (size before relaxing)
 .rodata._Z15resolve_ind_argP10arg_struct.str1.4
                0x0000000008053f5e        0x5 lib/libfree42_bcd_rel.a(core_helpers.o)
 *fill*         0x0000000008053f5e        0x2 
 .rodata.CSWTCH.559
                0x0000000008053f60       0x28 lib/libfree42_bcd_rel.a(core_keydown.o)
 .rodata.CSWTCH.561
                0x0000000008053f88        0xc lib/libfree42_bcd_rel.a(core_keydown.o)
 .rodata.CSWTCH.562
                0x0000000008053f94        0xc lib/libfree42_bcd_rel.a(core_keydown.o)
 .rodata.CSWTCH.565
                0x0000000008053fa0       0x18 lib/libfree42_bcd_rel.a(core_keydown.o)
 .rodata._Z20keydown_number_entryii.str1.4
                0x0000000008053fb8        0x3 lib/libfree42_bcd_rel.a(core_keydown.o)
 .rodata._Z21keydown_command_entryii.str1.4
                0x0000000008053fb8        0x6 lib/libfree42_bcd_rel.a(core_keydown.o)
 .rodata._ZL15set_solve_integi.str1.4
                0x0000000008053fb8       0x2d lib/libfree42_bcd_rel.a(core_keydown.o)
 *fill*         0x0000000008053fe5        0x3 
 .rodata.str1.4
                0x0000000008053fe8       0x14 lib/libfree42_bcd_rel.a(core_keydown.o)
 .rodata._Z11start_integPKci.str1.4
                0x0000000008053ffc        0xc lib/libfree42_bcd_rel.a(core_math1.o)
                                         0x20 (size before relaxing)
 .rodata._ZL12finish_integv.str1.4
                0x0000000008054008        0x3 lib/libfree42_bcd_rel.a(core_math1.o)
 *fill*         0x000000000805400b        0x1 
 .rodata._ZL13solve_message
                0x000000000805400c       0x28 lib/libfree42_bcd_rel.a(core_math1.o)
 .rodata.str1.4
                0x0000000008054034       0x36 lib/libfree42_bcd_rel.a(core_math1.o)
 *fill*         0x000000000805406a        0x2 
 .rodata._GLOBAL__sub_I_POS_HUGE_PHLOAT.str1.4
                0x000000000805406c       0x24 lib/libfree42_bcd_rel.a(core_phloat.o)
 .rodata._Z11phloat_initv.str1.4
                0x0000000008054090        0xd lib/libfree42_bcd_rel.a(core_phloat.o)
 *fill*         0x000000000805409d        0x3 
 .rodata._Z13phloat2string6PhloatPciiiiii.str1.4
                0x00000000080540a0       0x2a lib/libfree42_bcd_rel.a(core_phloat.o)
 *fill*         0x00000000080540ca        0x2 
 .rodata._Z14update_decimalP11BID_UINT128.str1.4
                0x00000000080540cc        0xc lib/libfree42_bcd_rel.a(core_phloat.o)
 .rodata._Z11generic_rclP10arg_structPP7vartype.str1.4
                0x00000000080540d8        0x5 lib/libfree42_bcd_rel.a(core_sto_rcl.o)
 .rodata._ZL9cmd_array
                0x00000000080540d8     0x2e60 lib/libfree42_bcd_rel.a(core_tables.o)
 .rodata._Z9store_varPKciP7vartype.str1.4
                0x0000000008056f38       0x1c lib/libfree42_bcd_rel.a(core_variables.o)
 .rodata._ZL10graph_maxx
                0x0000000008056f54       0x10 lib/libfree42_bcd_rel.a(core_aux.o)
 .rodata._ZL10graph_maxy
                0x0000000008056f64       0x10 lib/libfree42_bcd_rel.a(core_aux.o)
 .rodata.free42_version_str.str1.4
                0x0000000008056f74        0xd lib/libfree42_bcd_rel.a(core_aux.o)
 *fill*         0x0000000008056f81        0x3 
 .rodata.str1.4
                0x0000000008056f84       0x2d lib/libfree42_bcd_rel.a(core_aux.o)
 .rodata._Z10docmd_sizeP10arg_struct.str1.4
                0x0000000008056fb1        0x5 lib/libfree42_bcd_rel.a(core_commands1.o)
 .rodata._Z11docmd_inputP10arg_struct.str1.4
                0x0000000008056fb1        0x4 lib/libfree42_bcd_rel.a(core_commands2.o)
 *fill*         0x0000000008056fb1        0x3 
 .rodata._Z11docmd_prstkP10arg_struct.str1.4
                0x0000000008056fb4        0xf lib/libfree42_bcd_rel.a(core_commands2.o)
 *fill*         0x0000000008056fc3        0x1 
 .rodata._Z8docmd_sfP10arg_struct.str1.4
                0x0000000008056fc4       0x65 lib/libfree42_bcd_rel.a(core_commands2.o)
 *fill*         0x0000000008057029        0x3 
 .rodata._Z9docmd_prxP10arg_struct.part.2.str1.4
                0x000000000805702c        0x4 lib/libfree42_bcd_rel.a(core_commands2.o)
 .rodata._ZL12generic_loopP10arg_structb.str1.4
                0x0000000008057030        0x5 lib/libfree42_bcd_rel.a(core_commands2.o)
 .rodata._ZL12prusr_workeri.str1.4
                0x0000000008057030        0x6 lib/libfree42_bcd_rel.a(core_commands2.o)
                                         0x12 (size before relaxing)
 *fill*         0x0000000008057036        0x2 
 .rodata._ZL12sigma_labels
                0x0000000008057038       0x68 lib/libfree42_bcd_rel.a(core_commands2.o)
 .rodata.str1.4
                0x00000000080570a0       0x71 lib/libfree42_bcd_rel.a(core_commands2.o)
 *fill*         0x0000000008057111        0x3 
 .rodata._Z13docmd_pgmintiP10arg_struct.str1.4
                0x0000000008057114       0x16 lib/libfree42_bcd_rel.a(core_commands5.o)
 .rodata._ZL13get_summationv.str1.4
                0x000000000805712a        0x5 lib/libfree42_bcd_rel.a(core_commands5.o)
 *fill*         0x000000000805712a        0x2 
 .rodata._Z11docmd_atimeP10arg_struct.str1.4
                0x000000000805712c        0x8 lib/libfree42_bcd_rel.a(core_commands7.o)
 *fill*         0x0000000008057134        0xc 
 .rodata.c_pi   0x0000000008057140       0x10 lib/gcc111libbid_hard.a(bid128_acos.o)
 .rodata.c_7_10ths
                0x0000000008057150       0x10 lib/gcc111libbid_hard.a(bid128_acos.o)
 .rodata.c_1em40
                0x0000000008057160       0x10 lib/gcc111libbid_hard.a(bid128_acos.o)
 .rodata.BID128_0
                0x0000000008057170       0x10 lib/gcc111libbid_hard.a(bid128_acos.o)
 .rodata.c_one  0x0000000008057180       0x10 lib/gcc111libbid_hard.a(bid128_acos.o)
 .rodata.BID128_MINUS1
                0x0000000008057190       0x10 lib/gcc111libbid_hard.a(bid128_acos.o)
 .rodata.BID128_PI2LO
                0x00000000080571a0       0x10 lib/gcc111libbid_hard.a(bid128_acos.o)
 .rodata.BID128_PI2HI
                0x00000000080571b0       0x10 lib/gcc111libbid_hard.a(bid128_acos.o)
 .rodata.BID128_NAN
                0x00000000080571c0       0x10 lib/gcc111libbid_hard.a(bid128_acos.o)
 .rodata.c_zero
                0x00000000080571d0       0x10 lib/gcc111libbid_hard.a(bid128_acos.o)
 .rodata.c_log10
                0x00000000080571e0       0x10 lib/gcc111libbid_hard.a(bid128_acosh.o)
 .rodata.c_7_10ths
                0x00000000080571f0       0x10 lib/gcc111libbid_hard.a(bid128_asin.o)
 .rodata.c_1em40
                0x0000000008057200       0x10 lib/gcc111libbid_hard.a(bid128_asin.o)
 .rodata.c_one  0x0000000008057210       0x10 lib/gcc111libbid_hard.a(bid128_asin.o)
 .rodata.BID128_MINUS1
                0x0000000008057220       0x10 lib/gcc111libbid_hard.a(bid128_asin.o)
 .rodata.BID128_10PM40
                0x0000000008057230       0x10 lib/gcc111libbid_hard.a(bid128_asin.o)
 .rodata.BID128_NAN
                0x0000000008057240       0x10 lib/gcc111libbid_hard.a(bid128_asin.o)
 .rodata.c_zero
                0x0000000008057250       0x10 lib/gcc111libbid_hard.a(bid128_asin.o)
 .rodata.c_log10
                0x0000000008057260       0x10 lib/gcc111libbid_hard.a(bid128_asinh.o)
 .rodata.c_1em40
                0x0000000008057270       0x10 lib/gcc111libbid_hard.a(bid128_atan.o)
 .rodata.c_half
                0x0000000008057280       0x10 lib/gcc111libbid_hard.a(bid128_atanh.o)
 .rodata.c_pi_ov_2
                0x0000000008057290       0x10 lib/gcc111libbid_hard.a(bid128_cos.o)
 .rodata.BID128_NAN
                0x00000000080572a0       0x10 lib/gcc111libbid_hard.a(bid128_cos.o)
 .rodata.c_1em40
                0x00000000080572b0       0x10 lib/gcc111libbid_hard.a(bid128_cosh.o)
 .rodata.c_one  0x00000000080572c0       0x10 lib/gcc111libbid_hard.a(bid128_cosh.o)
 .rodata.c_zero
                0x00000000080572d0       0x10 lib/gcc111libbid_hard.a(bid128_cosh.o)
 .rodata.c_11000
                0x00000000080572e0       0x10 lib/gcc111libbid_hard.a(bid128_cosh.o)
 .rodata.BID128_INF
                0x00000000080572f0       0x10 lib/gcc111libbid_hard.a(bid128_cosh.o)
 .rodata.c_half
                0x0000000008057300       0x10 lib/gcc111libbid_hard.a(bid128_cosh.o)
 .rodata.c_64   0x0000000008057310       0x10 lib/gcc111libbid_hard.a(bid128_cosh.o)
 .rodata.c_neg_11000
                0x0000000008057320       0x10 lib/gcc111libbid_hard.a(bid128_exp.o)
 .rodata.c_11000
                0x0000000008057330       0x10 lib/gcc111libbid_hard.a(bid128_exp.o)
 .rodata.BID128_INF
                0x0000000008057340       0x10 lib/gcc111libbid_hard.a(bid128_exp.o)
 .rodata.BID128_0
                0x0000000008057350       0x10 lib/gcc111libbid_hard.a(bid128_exp.o)
 .rodata.BID128_1
                0x0000000008057360       0x10 lib/gcc111libbid_hard.a(bid128_exp.o)
 .rodata.c_1em40
                0x0000000008057370       0x10 lib/gcc111libbid_hard.a(bid128_expm1.o)
 .rodata.c_one  0x0000000008057380       0x10 lib/gcc111libbid_hard.a(bid128_expm1.o)
 .rodata.c_4464_ln_10
                0x0000000008057390       0x10 lib/gcc111libbid_hard.a(bid128_log.o)
 .rodata.c_one  0x00000000080573a0       0x10 lib/gcc111libbid_hard.a(bid128_log.o)
 .rodata.c_half
                0x00000000080573b0       0x10 lib/gcc111libbid_hard.a(bid128_log.o)
 .rodata.c_4464
                0x00000000080573c0       0x10 lib/gcc111libbid_hard.a(bid128_log10.o)
 .rodata.c_one  0x00000000080573d0       0x10 lib/gcc111libbid_hard.a(bid128_log10.o)
 .rodata.c_inv_log10
                0x00000000080573e0       0x10 lib/gcc111libbid_hard.a(bid128_log10.o)
 .rodata.c_half
                0x00000000080573f0       0x10 lib/gcc111libbid_hard.a(bid128_log10.o)
 .rodata.c_4464_ln_10
                0x0000000008057400       0x10 lib/gcc111libbid_hard.a(bid128_log1p.o)
 .rodata.BID128_NAN
                0x0000000008057410       0x10 lib/gcc111libbid_hard.a(bid128_log1p.o)
 .rodata.BID128_ZERO
                0x0000000008057420       0x10 lib/gcc111libbid_hard.a(bid128_pow.o)
 .rodata.BID128_NAN
                0x0000000008057430       0x10 lib/gcc111libbid_hard.a(bid128_pow.o)
 .rodata.BID128_INF
                0x0000000008057440       0x10 lib/gcc111libbid_hard.a(bid128_pow.o)
 .rodata.bid_recip_table_1
                0x0000000008057450      0x400 lib/gcc111libbid_hard.a(bid128_pow.o)
 .rodata.bid_recip_table_2
                0x0000000008057850      0x400 lib/gcc111libbid_hard.a(bid128_pow.o)
 .rodata.BID128_0
                0x0000000008057c50       0x10 lib/gcc111libbid_hard.a(bid128_pow.o)
 .rodata.c_pi_ov_2
                0x0000000008057c60       0x10 lib/gcc111libbid_hard.a(bid128_sin.o)
 .rodata.BID128_NAN
                0x0000000008057c70       0x10 lib/gcc111libbid_hard.a(bid128_sin.o)
 .rodata.c_1em40
                0x0000000008057c80       0x10 lib/gcc111libbid_hard.a(bid128_sinh.o)
 .rodata.c_minus_half
                0x0000000008057c90       0x10 lib/gcc111libbid_hard.a(bid128_sinh.o)
 .rodata.c_one  0x0000000008057ca0       0x10 lib/gcc111libbid_hard.a(bid128_sinh.o)
 .rodata.c_zero
                0x0000000008057cb0       0x10 lib/gcc111libbid_hard.a(bid128_sinh.o)
 .rodata.c_11000
                0x0000000008057cc0       0x10 lib/gcc111libbid_hard.a(bid128_sinh.o)
 .rodata.c_half
                0x0000000008057cd0       0x10 lib/gcc111libbid_hard.a(bid128_sinh.o)
 .rodata.c_64   0x0000000008057ce0       0x10 lib/gcc111libbid_hard.a(bid128_sinh.o)
 .rodata.c_pi_ov_2
                0x0000000008057cf0       0x10 lib/gcc111libbid_hard.a(bid128_tan.o)
 .rodata.c_neg_one
                0x0000000008057d00       0x10 lib/gcc111libbid_hard.a(bid128_tan.o)
 .rodata.BID128_NAN
                0x0000000008057d10       0x10 lib/gcc111libbid_hard.a(bid128_tan.o)
 .rodata.c_1em40
                0x0000000008057d20       0x10 lib/gcc111libbid_hard.a(bid128_tanh.o)
 .rodata.BID128_SHIFTER
                0x0000000008057d30       0x10 lib/gcc111libbid_hard.a(bid128_tgamma.o)
 .rodata.BID128_INF
                0x0000000008057d40       0x10 lib/gcc111libbid_hard.a(bid128_tgamma.o)
 .rodata.BID128_NAN
                0x0000000008057d50       0x10 lib/gcc111libbid_hard.a(bid128_tgamma.o)
 .rodata.str1.4
                0x0000000008057d60        0x3 lib/gcc111libbid_hard.a(bid128_string.o)
                                          0x8 (size before relaxing)
 *fill*         0x0000000008057d63        0x1 
 .rodata.__bid_midi_tbl
                0x0000000008057d64      0xbb8 lib/gcc111libbid_hard.a(bid128_2_str_tables.o)
                0x0000000008057d64                __bid_midi_tbl
 *fill*         0x000000000805891c        0x4 
 .rodata.bid_coefflimits_bid64
                0x0000000008058920      0x310 lib/gcc111libbid_hard.a(bid_binarydecimal.o)
 .rodata.bid_outertable_sig
                0x0000000008058c30      0xa00 lib/gcc111libbid_hard.a(bid_binarydecimal.o)
 .rodata.bid_innertable_exp
                0x0000000008059630      0x200 lib/gcc111libbid_hard.a(bid_binarydecimal.o)
 .rodata.bid_coefflimits_bid128
                0x0000000008059830      0x310 lib/gcc111libbid_hard.a(bid_binarydecimal.o)
 .rodata.bid_power_five
                0x0000000008059b40      0x310 lib/gcc111libbid_hard.a(bid_binarydecimal.o)
 .rodata.bid_outertable_exp
                0x0000000008059e50      0x140 lib/gcc111libbid_hard.a(bid_binarydecimal.o)
 .rodata.bid_roundbound_128
                0x0000000008059f90      0x140 lib/gcc111libbid_hard.a(bid_binarydecimal.o)
 .rodata.bid_innertable_sig
                0x000000000805a0d0     0x1000 lib/gcc111libbid_hard.a(bid_binarydecimal.o)
 .rodata.__bid_factors
                0x000000000805b0d0      0x800 lib/gcc111libbid_hard.a(bid_convert_data.o)
                0x000000000805b0d0                __bid_factors
 .rodata.__bid_packed_10000_zeros
                0x000000000805b8d0      0x4e4 lib/gcc111libbid_hard.a(bid_convert_data.o)
                0x000000000805b8d0                __bid_packed_10000_zeros
 .rodata.__bid_recip_scale
                0x000000000805bdb4       0x90 lib/gcc111libbid_hard.a(bid_decimal_data.o)
                0x000000000805bdb4                __bid_recip_scale
 *fill*         0x000000000805be44        0xc 
 .rodata.__bid_reciprocals10_128
                0x000000000805be50      0x240 lib/gcc111libbid_hard.a(bid_decimal_data.o)
                0x000000000805be50                __bid_reciprocals10_128
 .rodata.__bid_power10_index_binexp_128
                0x000000000805c090      0x7d0 lib/gcc111libbid_hard.a(bid_decimal_data.o)
                0x000000000805c090                __bid_power10_index_binexp_128
 .rodata.__bid_short_recip_scale
                0x000000000805c860       0x48 lib/gcc111libbid_hard.a(bid_decimal_data.o)
                0x000000000805c860                __bid_short_recip_scale
 *fill*         0x000000000805c8a8        0x8 
 .rodata.__bid_round_const_table_128
                0x000000000805c8b0      0xb40 lib/gcc111libbid_hard.a(bid_decimal_data.o)
                0x000000000805c8b0                __bid_round_const_table_128
 .rodata.__bid_reciprocals10_64
                0x000000000805d3f0       0x90 lib/gcc111libbid_hard.a(bid_decimal_data.o)
                0x000000000805d3f0                __bid_reciprocals10_64
 .rodata.__bid_estimate_decimal_digits
                0x000000000805d480      0x204 lib/gcc111libbid_hard.a(bid_decimal_data.o)
                0x000000000805d480                __bid_estimate_decimal_digits
 *fill*         0x000000000805d684        0xc 
 .rodata.__bid_power10_table_128
                0x000000000805d690      0x270 lib/gcc111libbid_hard.a(bid_decimal_data.o)
                0x000000000805d690                __bid_power10_table_128
 .rodata.__bid_midpoint128
                0x000000000805d900      0x130 lib/gcc111libbid_hard.a(bid128.o)
                0x000000000805d900                __bid_midpoint128
 .rodata.__bid_char_table2
                0x000000000805da30       0xb4 lib/gcc111libbid_hard.a(bid128.o)
                0x000000000805da30                __bid_char_table2
 *fill*         0x000000000805dae4        0x4 
 .rodata.__bid_mask192
                0x000000000805dae8      0x1c0 lib/gcc111libbid_hard.a(bid128.o)
                0x000000000805dae8                __bid_mask192
 .rodata.__bid_ten2k64
                0x000000000805dca8       0xa0 lib/gcc111libbid_hard.a(bid128.o)
                0x000000000805dca8                __bid_ten2k64
 .rodata.__bid_half256
                0x000000000805dd48      0x258 lib/gcc111libbid_hard.a(bid128.o)
                0x000000000805dd48                __bid_half256
 .rodata.__bid_char_table3
                0x000000000805dfa0      0xbb8 lib/gcc111libbid_hard.a(bid128.o)
                0x000000000805dfa0                __bid_char_table3
 *fill*         0x000000000805eb58        0x8 
 .rodata.__bid_ten2mxtrunc192
                0x000000000805eb60      0x700 lib/gcc111libbid_hard.a(bid128.o)
                0x000000000805eb60                __bid_ten2mxtrunc192
 .rodata.__bid_half128
                0x000000000805f260      0x128 lib/gcc111libbid_hard.a(bid128.o)
                0x000000000805f260                __bid_half128
 .rodata.__bid_Ex128m128
                0x000000000805f388       0x94 lib/gcc111libbid_hard.a(bid128.o)
                0x000000000805f388                __bid_Ex128m128
 *fill*         0x000000000805f41c        0x4 
 .rodata.__bid_nr_digits
                0x000000000805f420      0xe20 lib/gcc111libbid_hard.a(bid128.o)
                0x000000000805f420                __bid_nr_digits
 .rodata.__bid_mask256
                0x0000000008060240      0x258 lib/gcc111libbid_hard.a(bid128.o)
                0x0000000008060240                __bid_mask256
 *fill*         0x0000000008060498        0x8 
 .rodata.__bid_ten2k256
                0x00000000080604a0      0x4e0 lib/gcc111libbid_hard.a(bid128.o)
                0x00000000080604a0                __bid_ten2k256
 .rodata.__bid_ten2mxtrunc256
                0x0000000008060980      0x960 lib/gcc111libbid_hard.a(bid128.o)
                0x0000000008060980                __bid_ten2mxtrunc256
 .rodata.__bid_Kx256
                0x00000000080612e0      0x960 lib/gcc111libbid_hard.a(bid128.o)
                0x00000000080612e0                __bid_Kx256
 .rodata.__bid_Ex64m64
                0x0000000008061c40       0x44 lib/gcc111libbid_hard.a(bid128.o)
                0x0000000008061c40                __bid_Ex64m64
 *fill*         0x0000000008061c84        0xc 
 .rodata.__bid_Kx192
                0x0000000008061c90      0x700 lib/gcc111libbid_hard.a(bid128.o)
                0x0000000008061c90                __bid_Kx192
 .rodata.__bid_ten2mxtrunc128
                0x0000000008062390      0x250 lib/gcc111libbid_hard.a(bid128.o)
                0x0000000008062390                __bid_ten2mxtrunc128
 .rodata.__bid_mask128
                0x00000000080625e0      0x128 lib/gcc111libbid_hard.a(bid128.o)
                0x00000000080625e0                __bid_mask128
 *fill*         0x0000000008062708        0x8 
 .rodata.__bid_Kx128
                0x0000000008062710      0x250 lib/gcc111libbid_hard.a(bid128.o)
                0x0000000008062710                __bid_Kx128
 .rodata.__bid_midpoint192
                0x0000000008062960      0x280 lib/gcc111libbid_hard.a(bid128.o)
                0x0000000008062960                __bid_midpoint192
 .rodata.__bid_ten2mxtrunc64
                0x0000000008062be0       0x88 lib/gcc111libbid_hard.a(bid128.o)
                0x0000000008062be0                __bid_ten2mxtrunc64
 .rodata.__bid_Ex192m192
                0x0000000008062c68       0xe0 lib/gcc111libbid_hard.a(bid128.o)
                0x0000000008062c68                __bid_Ex192m192
 *fill*         0x0000000008062d48        0x8 
 .rodata.__bid_ten2mk128trunc
                0x0000000008062d50      0x220 lib/gcc111libbid_hard.a(bid128.o)
                0x0000000008062d50                __bid_ten2mk128trunc
 .rodata.__bid_shiftright128
                0x0000000008062f70       0x88 lib/gcc111libbid_hard.a(bid128.o)
                0x0000000008062f70                __bid_shiftright128
 *fill*         0x0000000008062ff8        0x8 
 .rodata.__bid_ten2mk128
                0x0000000008063000      0x220 lib/gcc111libbid_hard.a(bid128.o)
                0x0000000008063000                __bid_ten2mk128
 .rodata.__bid_Ex256m256
                0x0000000008063220      0x12c lib/gcc111libbid_hard.a(bid128.o)
                0x0000000008063220                __bid_Ex256m256
 *fill*         0x000000000806334c        0x4 
 .rodata.__bid_mask64
                0x0000000008063350       0x88 lib/gcc111libbid_hard.a(bid128.o)
                0x0000000008063350                __bid_mask64
 *fill*         0x00000000080633d8        0x8 
 .rodata.__bid_ten2k128
                0x00000000080633e0      0x130 lib/gcc111libbid_hard.a(bid128.o)
                0x00000000080633e0                __bid_ten2k128
 .rodata.__bid_midpoint64
                0x0000000008063510       0x98 lib/gcc111libbid_hard.a(bid128.o)
                0x0000000008063510                __bid_midpoint64
 .rodata.__bid_half192
                0x00000000080635a8      0x1c0 lib/gcc111libbid_hard.a(bid128.o)
                0x00000000080635a8                __bid_half192
 .rodata.__bid_half64
                0x0000000008063768       0x88 lib/gcc111libbid_hard.a(bid128.o)
                0x0000000008063768                __bid_half64
 .rodata.__bid_onehalf128
                0x00000000080637f0      0x110 lib/gcc111libbid_hard.a(bid128.o)
                0x00000000080637f0                __bid_onehalf128
 .rodata.__bid_midpoint256
                0x0000000008063900      0x260 lib/gcc111libbid_hard.a(bid128.o)
                0x0000000008063900                __bid_midpoint256
 .rodata.__bid_maskhigh128
                0x0000000008063b60      0x110 lib/gcc111libbid_hard.a(bid128.o)
                0x0000000008063b60                __bid_maskhigh128
 .rodata.__bid_Kx64
                0x0000000008063c70       0x88 lib/gcc111libbid_hard.a(bid128.o)
                0x0000000008063c70                __bid_Kx64
 .rodata.cmpTable
                0x0000000008063cf8       0x28 lib/gcc111libbid_hard.a(dpml_ux_bid.o)
 .rodata.__dpml_bid_bid_x_table
                0x0000000008063d20      0x180 lib/gcc111libbid_hard.a(dpml_ux_bid.o)
 .rodata.__dpml_bid_exp_x_table
                0x0000000008063ea0      0x550 lib/gcc111libbid_hard.a(dpml_ux_exp.o)
 .rodata.__dpml_bid_inv_hyper_x_table
                0x00000000080643f0       0x70 lib/gcc111libbid_hard.a(dpml_ux_inv_hyper.o)
 .rodata.__dpml_bid_inv_trig_x_table
                0x0000000008064460      0x520 lib/gcc111libbid_hard.a(dpml_ux_inv_trig.o)
 .rodata.__dpml_bid_log_x_table
                0x0000000008064980      0x1f0 lib/gcc111libbid_hard.a(dpml_ux_log.o)
 .rodata.__dpml_bid_sqrt_x_table
                0x0000000008064b70       0xb0 lib/gcc111libbid_hard.a(dpml_ux_sqrt.o)
 .rodata.__dpml_bid_trig_x_table
                0x0000000008064c20      0x410 lib/gcc111libbid_hard.a(dpml_ux_trig.o)
 .rodata.__dpml_bid_x_constants__
                0x0000000008065030       0xa0 lib/gcc111libbid_hard.a(dpml_ux_ops.o)
                0x0000000008065030                __dpml_bid_x_constants__
 .rodata.__ux_one__
                0x00000000080650d0       0x18 lib/gcc111libbid_hard.a(dpml_ux_ops_64.o)
 .rodata.__four_over_pi
                0x00000000080650e8      0x838 lib/gcc111libbid_hard.a(dpml_four_over_pi.o)
                0x00000000080650e8                __four_over_pi
 .rodata.__dpml_response_table
                0x0000000008065920      0x590 lib/gcc111libbid_hard.a(dpml_exception.o)
 .rodata.__dpml_bid_globals_table
                0x0000000008065eb0      0x1a0 lib/gcc111libbid_hard.a(dpml_exception.o)
                0x0000000008065eb0                __dpml_bid_globals_table
 .rodata.__dpml_bid_sqrt_t_table
                0x0000000008066050     0x1000 lib/gcc111libbid_hard.a(sqrt_tab_t.o)
                0x0000000008066050                __dpml_bid_sqrt_t_table
 .rodata.c_pi   0x0000000008067050       0x10 lib/gcc111libbid_hard.a(bid128_lgamma.o)
 .rodata.c_minus_one
                0x0000000008067060       0x10 lib/gcc111libbid_hard.a(bid128_lgamma.o)
 .rodata.c_one  0x0000000008067070       0x10 lib/gcc111libbid_hard.a(bid128_lgamma.o)
 .rodata.c_1e34
                0x0000000008067080       0x10 lib/gcc111libbid_hard.a(bid128_lgamma.o)
 .rodata.c_m1e34
                0x0000000008067090       0x10 lib/gcc111libbid_hard.a(bid128_lgamma.o)
 .rodata.BID128_INF
                0x00000000080670a0       0x10 lib/gcc111libbid_hard.a(bid128_lgamma.o)
 .rodata.c_1_plus_eps
                0x00000000080670b0       0x10 lib/gcc111libbid_hard.a(bid128_lgamma.o)
 .rodata.c_log_pi
                0x00000000080670c0       0x10 lib/gcc111libbid_hard.a(bid128_lgamma.o)
 .rodata.c_half
                0x00000000080670d0       0x10 lib/gcc111libbid_hard.a(bid128_lgamma.o)
 .rodata.c_1em100
                0x00000000080670e0       0x10 lib/gcc111libbid_hard.a(bid128_lgamma.o)
 .rodata.__dpml_bid_lgamma_x_table
                0x00000000080670f0      0x3d0 lib/gcc111libbid_hard.a(dpml_ux_lgamma.o)
 .rodata._global_impure_ptr
                0x00000000080674c0        0x4 /opt/gcc-arm-none-eabi/bin/../lib/gcc/arm-none-eabi/8.2.1/../../../../arm-none-eabi/lib/thumb/v7e-m+fp/hard/libc.a(lib_a-impure.o)
                0x00000000080674c0                _global_impure_ptr
 .rodata._svfprintf_r.str1.4
                0x00000000080674c4       0x42 /opt/gcc-arm-none-eabi/bin/../lib/gcc/arm-none-eabi/8.2.1/../../../../arm-none-eabi/lib/thumb/v7e-m+fp/hard/libc.a(lib_a-svfprintf.o)
 *fill*         0x0000000008067506        0x2 
 .rodata.blanks.8672
                0x0000000008067508       0x10 /opt/gcc-arm-none-eabi/bin/../lib/gcc/arm-none-eabi/8.2.1/../../../../arm-none-eabi/lib/thumb/v7e-m+fp/hard/libc.a(lib_a-svfprintf.o)
 .rodata.zeroes.8673
                0x0000000008067518       0x10 /opt/gcc-arm-none-eabi/bin/../lib/gcc/arm-none-eabi/8.2.1/../../../../arm-none-eabi/lib/thumb/v7e-m+fp/hard/libc.a(lib_a-svfprintf.o)
 .rodata.__ssvfscanf_r.str1.4
                0x0000000008067528        0x5 /opt/gcc-arm-none-eabi/bin/../lib/gcc/arm-none-eabi/8.2.1/../../../../arm-none-eabi/lib/thumb/v7e-m+fp/hard/libc.a(lib_a-svfscanf.o)
                                          0x9 (size before relaxing)
 *fill*         0x000000000806752d        0x3 
 .rodata.basefix.8741
                0x0000000008067530       0x22 /opt/gcc-arm-none-eabi/bin/../lib/gcc/arm-none-eabi/8.2.1/../../../../arm-none-eabi/lib/thumb/v7e-m+fp/hard/libc.a(lib_a-svfscanf.o)
 *fill*         0x0000000008067552        0x2 
 .rodata._ctype_
                0x0000000008067554      0x101 /opt/gcc-arm-none-eabi/bin/../lib/gcc/arm-none-eabi/8.2.1/../../../../arm-none-eabi/lib/thumb/v7e-m+fp/hard/libc.a(lib_a-ctype_.o)
                0x0000000008067554                _ctype_
 *fill*         0x0000000008067655        0x3 
 .rodata._dtoa_r.str1.4
                0x0000000008067658        0xd /opt/gcc-arm-none-eabi/bin/../lib/gcc/arm-none-eabi/8.2.1/../../../../arm-none-eabi/lib/thumb/v7e-m+fp/hard/libc.a(lib_a-dtoa.o)
                                         0x12 (size before relaxing)
 *fill*         0x0000000008067665        0x3 
 .rodata._setlocale_r.str1.4
                0x0000000008067668        0xa /opt/gcc-arm-none-eabi/bin/../lib/gcc/arm-none-eabi/8.2.1/../../../../arm-none-eabi/lib/thumb/v7e-m+fp/hard/libc.a(lib_a-locale.o)
                                          0xd (size before relaxing)
 .rodata.str1.4
                0x0000000008067672        0xa /opt/gcc-arm-none-eabi/bin/../lib/gcc/arm-none-eabi/8.2.1/../../../../arm-none-eabi/lib/thumb/v7e-m+fp/hard/libc.a(lib_a-locale.o)
                                          0x2 (size before relaxing)
 .rodata._mbrtowc_r.str1.4
                0x0000000008067672        0x1 /opt/gcc-arm-none-eabi/bin/../lib/gcc/arm-none-eabi/8.2.1/../../../../arm-none-eabi/lib/thumb/v7e-m+fp/hard/libc.a(lib_a-mbrtowc.o)
 *fill*         0x0000000008067672        0x6 
 .rodata.__mprec_bigtens
                0x0000000008067678       0x28 /opt/gcc-arm-none-eabi/bin/../lib/gcc/arm-none-eabi/8.2.1/../../../../arm-none-eabi/lib/thumb/v7e-m+fp/hard/libc.a(lib_a-mprec.o)
                0x0000000008067678                __mprec_bigtens
 .rodata.__mprec_tens
                0x00000000080676a0       0xc8 /opt/gcc-arm-none-eabi/bin/../lib/gcc/arm-none-eabi/8.2.1/../../../../arm-none-eabi/lib/thumb/v7e-m+fp/hard/libc.a(lib_a-mprec.o)
                0x00000000080676a0                __mprec_tens
 .rodata.p05.7442
                0x0000000008067768        0xc /opt/gcc-arm-none-eabi/bin/../lib/gcc/arm-none-eabi/8.2.1/../../../../arm-none-eabi/lib/thumb/v7e-m+fp/hard/libc.a(lib_a-mprec.o)
 .rodata._strtod_l.str1.4
                0x0000000008067774        0xf /opt/gcc-arm-none-eabi/bin/../lib/gcc/arm-none-eabi/8.2.1/../../../../arm-none-eabi/lib/thumb/v7e-m+fp/hard/libc.a(lib_a-strtod.o)
                                         0x11 (size before relaxing)
 *fill*         0x0000000008067783        0x1 
 .rodata.fpi.7522
                0x0000000008067784       0x14 /opt/gcc-arm-none-eabi/bin/../lib/gcc/arm-none-eabi/8.2.1/../../../../arm-none-eabi/lib/thumb/v7e-m+fp/hard/libc.a(lib_a-strtod.o)
 .rodata.fpinan.7558
                0x0000000008067798       0x14 /opt/gcc-arm-none-eabi/bin/../lib/gcc/arm-none-eabi/8.2.1/../../../../arm-none-eabi/lib/thumb/v7e-m+fp/hard/libc.a(lib_a-strtod.o)
 *fill*         0x00000000080677ac        0x4 
 .rodata.tinytens
                0x00000000080677b0       0x28 /opt/gcc-arm-none-eabi/bin/../lib/gcc/arm-none-eabi/8.2.1/../../../../arm-none-eabi/lib/thumb/v7e-m+fp/hard/libc.a(lib_a-strtod.o)
 .rodata.__hexdig
                0x00000000080677d8      0x100 /opt/gcc-arm-none-eabi/bin/../lib/gcc/arm-none-eabi/8.2.1/../../../../arm-none-eabi/lib/thumb/v7e-m+fp/hard/libc.a(lib_a-gdtoa-gethex.o)
                0x00000000080677d8                __hexdig
 .rodata._C_numeric_locale
                0x00000000080678d8        0xc /opt/gcc-arm-none-eabi/bin/../lib/gcc/arm-none-eabi/8.2.1/../../../../arm-none-eabi/lib/thumb/v7e-m+fp/hard/libc.a(lib_a-lnumeric.o)
                0x00000000080678d8                _C_numeric_locale
 .rodata.str1.4
                0x00000000080678e4        0x5 /opt/gcc-arm-none-eabi/bin/../lib/gcc/arm-none-eabi/8.2.1/../../../../arm-none-eabi/lib/thumb/v7e-m+fp/hard/libc.a(lib_a-lnumeric.o)
 .rodata.sqrt.str1.4
                0x00000000080678e4        0x8 /opt/gcc-arm-none-eabi/bin/../lib/gcc/arm-none-eabi/8.2.1/../../../../arm-none-eabi/lib/thumb/v7e-m+fp/hard/libm.a(lib_a-w_sqrt.o)
                                          0x5 (size before relaxing)
                0x00000000080678f0                . = ALIGN (0x8)
 *fill*         0x00000000080678ec        0x4 
                0x0000000090000000                _qspi_init_base = LOADADDR (.qspi)
                0x000000000014eaf0                _qspi_init_length = SIZEOF (.qspi)

.text           0x0000000008067900    0x8b890
                0x0000000008067900                . = ALIGN (0x8)
 *(.text)
 .text          0x0000000008067900       0x40 /opt/gcc-arm-none-eabi/bin/../lib/gcc/arm-none-eabi/8.2.1/thumb/v7e-m+fp/hard/crtbegin.o
 .text          0x0000000008067940      0x378 /opt/gcc-arm-none-eabi/bin/../lib/gcc/arm-none-eabi/8.2.1/thumb/v7e-m+fp/hard/libgcc.a(_arm_addsubdf3.o)
                0x0000000008067940                __aeabi_drsub
                0x0000000008067948                __aeabi_dsub
                0x0000000008067948                __subdf3
                0x000000000806794c                __adddf3
                0x000000000806794c                __aeabi_dadd
                0x0000000008067bc4                __aeabi_ui2d
                0x0000000008067bc4                __floatunsidf
                0x0000000008067be4                __floatsidf
                0x0000000008067be4                __aeabi_i2d
                0x0000000008067c08                __extendsfdf2
                0x0000000008067c08                __aeabi_f2d
                0x0000000008067c4c                __aeabi_ul2d
                0x0000000008067c4c                __floatundidf
                0x0000000008067c5c                __floatdidf
                0x0000000008067c5c                __aeabi_l2d
 .text          0x0000000008067cb8      0x424 /opt/gcc-arm-none-eabi/bin/../lib/gcc/arm-none-eabi/8.2.1/thumb/v7e-m+fp/hard/libgcc.a(_arm_muldivdf3.o)
                0x0000000008067cb8                __aeabi_dmul
                0x0000000008067cb8                __muldf3
                0x0000000008067f0c                __aeabi_ddiv
                0x0000000008067f0c                __divdf3
 .text          0x00000000080680dc      0x110 /opt/gcc-arm-none-eabi/bin/../lib/gcc/arm-none-eabi/8.2.1/thumb/v7e-m+fp/hard/libgcc.a(_arm_cmpdf2.o)
                0x00000000080680dc                __gtdf2
                0x00000000080680dc                __gedf2
                0x00000000080680e4                __ltdf2
                0x00000000080680e4                __ledf2
                0x00000000080680ec                __cmpdf2
                0x00000000080680ec                __eqdf2
                0x00000000080680ec                __nedf2
                0x0000000008068168                __aeabi_cdrcmple
                0x0000000008068178                __aeabi_cdcmple
                0x0000000008068178                __aeabi_cdcmpeq
                0x0000000008068188                __aeabi_dcmpeq
                0x000000000806819c                __aeabi_dcmplt
                0x00000000080681b0                __aeabi_dcmple
                0x00000000080681c4                __aeabi_dcmpge
                0x00000000080681d8                __aeabi_dcmpgt
 .text          0x00000000080681ec       0x50 /opt/gcc-arm-none-eabi/bin/../lib/gcc/arm-none-eabi/8.2.1/thumb/v7e-m+fp/hard/libgcc.a(_arm_fixdfsi.o)
                0x00000000080681ec                __fixdfsi
                0x00000000080681ec                __aeabi_d2iz
 .text          0x000000000806823c       0xa0 /opt/gcc-arm-none-eabi/bin/../lib/gcc/arm-none-eabi/8.2.1/thumb/v7e-m+fp/hard/libgcc.a(_arm_truncdfsf2.o)
                0x000000000806823c                __aeabi_d2f
                0x000000000806823c                __truncdfsf2
 .text          0x00000000080682dc      0x21c /opt/gcc-arm-none-eabi/bin/../lib/gcc/arm-none-eabi/8.2.1/thumb/v7e-m+fp/hard/libgcc.a(_arm_addsubsf3.o)
                0x00000000080682dc                __aeabi_frsub
                0x00000000080682e4                __subsf3
                0x00000000080682e4                __aeabi_fsub
                0x00000000080682e8                __aeabi_fadd
                0x00000000080682e8                __addsf3
                0x0000000008068448                __aeabi_ui2f
                0x0000000008068448                __floatunsisf
                0x0000000008068450                __aeabi_i2f
                0x0000000008068450                __floatsisf
                0x000000000806846c                __floatundisf
                0x000000000806846c                __aeabi_ul2f
                0x000000000806847c                __floatdisf
                0x000000000806847c                __aeabi_l2f
 .text          0x00000000080684f8       0xa0 /opt/gcc-arm-none-eabi/bin/../lib/gcc/arm-none-eabi/8.2.1/thumb/v7e-m+fp/hard/libgcc.a(_aeabi_ldivmod.o)
                0x00000000080684f8                __aeabi_ldivmod
 .text          0x0000000008068598       0x30 /opt/gcc-arm-none-eabi/bin/../lib/gcc/arm-none-eabi/8.2.1/thumb/v7e-m+fp/hard/libgcc.a(_aeabi_uldivmod.o)
                0x0000000008068598                __aeabi_uldivmod
 .text          0x00000000080685c8       0x30 /opt/gcc-arm-none-eabi/bin/../lib/gcc/arm-none-eabi/8.2.1/thumb/v7e-m+fp/hard/libgcc.a(_fixdfdi.o)
                0x00000000080685c8                __aeabi_d2lz
                0x00000000080685c8                __fixdfdi
 .text          0x00000000080685f8       0x3c /opt/gcc-arm-none-eabi/bin/../lib/gcc/arm-none-eabi/8.2.1/thumb/v7e-m+fp/hard/libgcc.a(_fixunsdfdi.o)
                0x00000000080685f8                __aeabi_d2ulz
                0x00000000080685f8                __fixunsdfdi
 .text          0x0000000008068634      0x2d0 /opt/gcc-arm-none-eabi/bin/../lib/gcc/arm-none-eabi/8.2.1/thumb/v7e-m+fp/hard/libgcc.a(_udivmoddi4.o)
                0x0000000008068634                __udivmoddi4
 .text          0x0000000008068904        0x4 /opt/gcc-arm-none-eabi/bin/../lib/gcc/arm-none-eabi/8.2.1/thumb/v7e-m+fp/hard/libgcc.a(_dvmd_tls.o)
                0x0000000008068904                __aeabi_ldiv0
                0x0000000008068904                __aeabi_idiv0
 .text          0x0000000008068908       0x40 /opt/gcc-arm-none-eabi/bin/../lib/gcc/arm-none-eabi/8.2.1/thumb/v7e-m+fp/hard/libgcc.a(_arm_fixunsdfsi.o)
                0x0000000008068908                __fixunsdfsi
                0x0000000008068908                __aeabi_d2uiz
 .text          0x0000000008068948      0x134 /opt/gcc-arm-none-eabi/bin/../lib/gcc/arm-none-eabi/8.2.1/../../../../arm-none-eabi/lib/thumb/v7e-m+fp/hard/libc.a(lib_a-memcpy.o)
                0x0000000008068948                memcpy
 *fill*         0x0000000008068a7c        0x4 
 .text          0x0000000008068a80       0xdc /opt/gcc-arm-none-eabi/bin/../lib/gcc/arm-none-eabi/8.2.1/../../../../arm-none-eabi/lib/thumb/v7e-m+fp/hard/libc.a(lib_a-strlen.o)
                0x0000000008068a80                strlen
 *fill*         0x0000000008068b5c        0x4 
 .text          0x0000000008068b60       0xa0 /opt/gcc-arm-none-eabi/bin/../lib/gcc/arm-none-eabi/8.2.1/../../../../arm-none-eabi/lib/thumb/v7e-m+fp/hard/libc.a(lib_a-memchr.o)
                0x0000000008068b60                memchr
 .text          0x0000000008068c00       0x2c /opt/gcc-arm-none-eabi/bin/../lib/gcc/arm-none-eabi/8.2.1/thumb/v7e-m+fp/hard/libgcc.a(_arm_unorddf2.o)
                0x0000000008068c00                __aeabi_dcmpun
                0x0000000008068c00                __unorddf2
 *(.text*)
 .text._kill    0x0000000008068c2c       0x10 build/pgm_syscalls.o
                0x0000000008068c2c                _kill
 .text._getpid  0x0000000008068c3c        0x4 build/pgm_syscalls.o
                0x0000000008068c3c                _getpid
 .text.free     0x0000000008068c40        0x8 build/pgm_syscalls.o
                0x0000000008068c40                free
 .text.malloc   0x0000000008068c48        0x8 build/pgm_syscalls.o
                0x0000000008068c48                malloc
 .text.realloc  0x0000000008068c50        0x8 build/pgm_syscalls.o
                0x0000000008068c50                realloc
 .text.__wrap__malloc_r
                0x0000000008068c58        0xc build/pgm_syscalls.o
                0x0000000008068c58                __wrap__malloc_r
 .text._calloc_r
                0x0000000008068c64        0xc build/pgm_syscalls.o
                0x0000000008068c64                _calloc_r
 .text._realloc_r
                0x0000000008068c70        0xc build/pgm_syscalls.o
                0x0000000008068c70                _realloc_r
 .text._free_r  0x0000000008068c7c        0xc build/pgm_syscalls.o
                0x0000000008068c7c                _free_r
 .text.post_main
                0x0000000008068c88       0x1c build/pgm_syscalls.o
                0x0000000008068c88                post_main
 .text.dm42_set_beep_mute
                0x0000000008068ca4        0xc build/dm42_fns.o
                0x0000000008068ca4                dm42_set_beep_mute
 .text.dm42_is_beep_mute
                0x0000000008068cb0       0x10 build/dm42_fns.o
                0x0000000008068cb0                dm42_is_beep_mute
 .text.repaint_annunciators.part.0
                0x0000000008068cc0       0xc8 build/dm42_fns.o
 .text.is_disp.part.6
                0x0000000008068d88       0x1c build/dm42_fns.o
 .text.lcd_update_timeout.part.9
                0x0000000008068da4       0x20 build/dm42_fns.o
 .text.set_lcd_update_timeout.part.10
                0x0000000008068dc4       0x14 build/dm42_fns.o
 .text.set_shift.part.14
                0x0000000008068dd8        0xc build/dm42_fns.o
 .text.update_aplha_table.part.15
                0x0000000008068de4       0x14 build/dm42_fns.o
 .text._Z8hp2asciiPcPKci
                0x0000000008068df8      0x21c build/dm42_fns.o
                0x0000000008068df8                hp2ascii(char*, char const*, int)
 .text._Z10hp2utfcharPch
                0x0000000008069014      0x1c8 build/dm42_fns.o
                0x0000000008069014                hp2utfchar(char*, unsigned char)
 .text._Z7hp2fontPcPKci
                0x00000000080691dc       0x74 build/dm42_fns.o
                0x00000000080691dc                hp2font(char*, char const*, int)
 .text.draw_hp42_lcd
                0x0000000008069250      0x150 build/dm42_fns.o
                0x0000000008069250                draw_hp42_lcd
 .text._Z17shell_malloc_failjPKci
                0x00000000080693a0       0xb8 build/dm42_fns.o
                0x00000000080693a0                shell_malloc_fail(unsigned int, char const*, int)
 .text._Z17shell_low_batteryv
                0x0000000008069458       0x50 build/dm42_fns.o
                0x0000000008069458                shell_low_battery()
 .text._Z10shell_vbatv
                0x00000000080694a8       0x20 build/dm42_fns.o
                0x00000000080694a8                shell_vbat()
 .text._Z12shell_dev_idv
                0x00000000080694c8        0xc build/dm42_fns.o
                0x00000000080694c8                shell_dev_id()
 .text._Z17shell_random_seedv
                0x00000000080694d4       0x50 build/dm42_fns.o
                0x00000000080694d4                shell_random_seed()
 .text._Z19shell_decimal_pointv
                0x0000000008069524       0x10 build/dm42_fns.o
                0x0000000008069524                shell_decimal_point()
 .text._Z19shell_get_time_datePjS_Pi
                0x0000000008069534       0x70 build/dm42_fns.o
                0x0000000008069534                shell_get_time_date(unsigned int*, unsigned int*, int*)
 .text._Z13shell_blitterPKciiiii
                0x00000000080695a4       0x20 build/dm42_fns.o
                0x00000000080695a4                shell_blitter(char const*, int, int, int, int, int)
 .text._Z18shell_annunciatorsiiiiii
                0x00000000080695c4      0x124 build/dm42_fns.o
                0x00000000080695c4                shell_annunciators(int, int, int, int, int, int)
 .text._Z10shell_readPci
                0x00000000080696e8       0x28 build/dm42_fns.o
                0x00000000080696e8                shell_read(char*, int)
 .text._Z11shell_writePKci
                0x0000000008069710       0x28 build/dm42_fns.o
                0x0000000008069710                shell_write(char const*, int)
 .text._Z13shell_get_memv
                0x0000000008069738        0x8 build/dm42_fns.o
                0x0000000008069738                shell_get_mem()
 .text._Z18shell_millisecondsv
                0x0000000008069740       0x18 build/dm42_fns.o
                0x0000000008069740                shell_milliseconds()
 .text._Z11shell_delayi
                0x0000000008069758        0x8 build/dm42_fns.o
                0x0000000008069758                shell_delay(int)
 .text._Z15shell_powerdownv
                0x0000000008069760       0x10 build/dm42_fns.o
                0x0000000008069760                shell_powerdown()
 .text._Z22shell_read_saved_statePvi
                0x0000000008069770       0x28 build/dm42_fns.o
                0x0000000008069770                shell_read_saved_state(void*, int)
 .text._Z23shell_write_saved_statePKvi
                0x0000000008069798       0x38 build/dm42_fns.o
                0x0000000008069798                shell_write_saved_state(void const*, int)
 .text.clear_tlcd_row
                0x00000000080697d0       0x5c build/dm42_fns.o
                0x00000000080697d0                clear_tlcd_row
 .text._Z19thell_draw_menu_keyiiPKci
                0x000000000806982c       0x88 build/dm42_fns.o
                0x000000000806982c                thell_draw_menu_key(int, int, char const*, int)
 .text._Z17thell_edit_numberPKciS0_i
                0x00000000080698b4       0x54 build/dm42_fns.o
                0x00000000080698b4                thell_edit_number(char const*, int, char const*, int)
 .text._Z18thell_draw_patterniiPKcii
                0x0000000008069908      0x1cc build/dm42_fns.o
                0x0000000008069908                thell_draw_pattern(int, int, char const*, int, int)
 .text._Z16thell_draw_pixelii
                0x0000000008069ad4       0xa4 build/dm42_fns.o
                0x0000000008069ad4                thell_draw_pixel(int, int)
 .text._Z16thell_start_showv
                0x0000000008069b78        0xc build/dm42_fns.o
                0x0000000008069b78                thell_start_show()
 .text._Z19thell_clear_displayv
                0x0000000008069b84       0x14 build/dm42_fns.o
                0x0000000008069b84                thell_clear_display()
 .text._Z15thell_clear_rowi
                0x0000000008069b98        0x4 build/dm42_fns.o
                0x0000000008069b98                thell_clear_row(int)
 .text.get_disp_date_sep
                0x0000000008069b9c       0x10 build/dm42_fns.o
                0x0000000008069b9c                get_disp_date_sep
 .text.toggle_disp
                0x0000000008069bac       0xf0 build/dm42_fns.o
                0x0000000008069bac                toggle_disp
 .text.is_disp  0x0000000008069c9c       0x5c build/dm42_fns.o
                0x0000000008069c9c                is_disp
 .text.get_reg_font_offset
                0x0000000008069cf8       0x1c build/dm42_fns.o
                0x0000000008069cf8                get_reg_font_offset
 .text.inc_reg_font_offset
                0x0000000008069d14       0x4c build/dm42_fns.o
                0x0000000008069d14                inc_reg_font_offset
 .text.set_stack_layout
                0x0000000008069d60        0xc build/dm42_fns.o
                0x0000000008069d60                set_stack_layout
 .text.get_stack_layout
                0x0000000008069d6c        0xc build/dm42_fns.o
                0x0000000008069d6c                get_stack_layout
 .text.get_stack_layout_str
                0x0000000008069d78       0x4c build/dm42_fns.o
                0x0000000008069d78                get_stack_layout_str
 .text.is_print_to_file
                0x0000000008069dc4       0x40 build/dm42_fns.o
                0x0000000008069dc4                is_print_to_file
 .text.set_print_to_file_flag
                0x0000000008069e04       0x6c build/dm42_fns.o
                0x0000000008069e04                set_print_to_file_flag
 .text.prtof_buf_flush
                0x0000000008069e70      0x114 build/dm42_fns.o
                0x0000000008069e70                prtof_buf_flush
 .text.prtof_buf_update
                0x0000000008069f84       0x74 build/dm42_fns.o
                0x0000000008069f84                prtof_buf_update
 .text.set_print_to_file.part.8
                0x0000000008069ff8       0xe4 build/dm42_fns.o
 .text.prtof_add_text
                0x000000000806a0dc       0x64 build/dm42_fns.o
                0x000000000806a0dc                prtof_add_text
 .text.prtof_add_gr_text
                0x000000000806a140       0xc4 build/dm42_fns.o
                0x000000000806a140                prtof_add_gr_text
 .text.prtof_add_graphics_lines
                0x000000000806a204       0xb4 build/dm42_fns.o
                0x000000000806a204                prtof_add_graphics_lines
 .text.set_print_to_file
                0x000000000806a2b8       0x10 build/dm42_fns.o
                0x000000000806a2b8                set_print_to_file
 .text.savestat_init_read
                0x000000000806a2c8       0x90 build/dm42_fns.o
                0x000000000806a2c8                savestat_init_read
 .text.savestat_init_write
                0x000000000806a358       0x54 build/dm42_fns.o
                0x000000000806a358                savestat_init_write
 .text.copy_reset_state_filename
                0x000000000806a3ac       0x98 build/dm42_fns.o
                0x000000000806a3ac                copy_reset_state_filename
 .text.disp_header.part.11
                0x000000000806a444      0x2ac build/dm42_fns.o
 .text.disp_aligned_line
                0x000000000806a6f0      0x170 build/dm42_fns.o
                0x000000000806a6f0                disp_aligned_line
 .text.set_reg_font
                0x000000000806a860       0x9c build/dm42_fns.o
                0x000000000806a860                set_reg_font
 .text.disp_reg
                0x000000000806a8fc       0x78 build/dm42_fns.o
                0x000000000806a8fc                disp_reg
 .text.disp_regs
                0x000000000806a974      0x5a0 build/dm42_fns.o
                0x000000000806a974                disp_regs
 .text.check_for_repaint
                0x000000000806af14       0xc0 build/dm42_fns.o
                0x000000000806af14                check_for_repaint
 .text._Z11shell_printPKciS0_iiiii
                0x000000000806afd4      0x32c build/dm42_fns.o
                0x000000000806afd4                shell_print(char const*, int, char const*, int, int, int, int, int)
 .text._Z12shell_beeperii
                0x000000000806b300       0x48 build/dm42_fns.o
                0x000000000806b300                shell_beeper(int, int)
 .text._Z15shell_wants_cpuv
                0x000000000806b348       0x24 build/dm42_fns.o
                0x000000000806b348                shell_wants_cpu()
 .text._Z23shell_force_lcd_refreshi
                0x000000000806b36c        0x4 build/dm42_fns.o
                0x000000000806b36c                shell_force_lcd_refresh(int)
 .text.setTimeout0
                0x000000000806b370       0x4c build/dm42_fns.o
                0x000000000806b370                setTimeout0
 .text.setTimeout3
                0x000000000806b3bc        0xc build/dm42_fns.o
                0x000000000806b3bc                setTimeout3
 .text._Z22shell_request_timeout3i
                0x000000000806b3c8        0x4 build/dm42_fns.o
                0x000000000806b3c8                shell_request_timeout3(int)
 .text.calc_lcd_redraw
                0x000000000806b3cc       0x2c build/dm42_fns.o
                0x000000000806b3cc                calc_lcd_redraw
 .text._Z15thell_draw_chariic
                0x000000000806b3f8       0x34 build/dm42_fns.o
                0x000000000806b3f8                thell_draw_char(int, int, char)
 .text.update_aplha_table
                0x000000000806b42c       0x5c build/dm42_fns.o
                0x000000000806b42c                update_aplha_table
 .text.program_main
                0x000000000806b488      0xf98 build/dm42_fns.o
                0x000000000806b488                program_main
 .text.load_statefile
                0x000000000806c420       0xc8 build/dm42_menu.o
                0x000000000806c420                load_statefile
 .text.save_statefile
                0x000000000806c4e8       0x3c build/dm42_menu.o
                0x000000000806c4e8                save_statefile
 .text.pgm_import_enter
                0x000000000806c524       0xa8 build/dm42_menu.o
                0x000000000806c524                pgm_import_enter
 .text.pgm_export_enter
                0x000000000806c5cc      0x114 build/dm42_menu.o
                0x000000000806c5cc                pgm_export_enter
 .text.after_fat_format_dm42
                0x000000000806c6e0       0x38 build/dm42_menu.o
                0x000000000806c6e0                after_fat_format_dm42
 .text.lcd_for_dm42
                0x000000000806c718      0x278 build/dm42_menu.o
                0x000000000806c718                lcd_for_dm42
 .text.run_reset_state_file
                0x000000000806c990       0xdc build/dm42_menu.o
                0x000000000806c990                run_reset_state_file
 .text.select_programs
                0x000000000806ca6c      0x3b8 build/dm42_menu.o
                0x000000000806ca6c                select_programs
 .text.pgm_export
                0x000000000806ce24       0xe8 build/dm42_menu.o
                0x000000000806ce24                pgm_export
 .text.stack_menu_index
                0x000000000806cf0c       0x58 build/dm42_menu.o
                0x000000000806cf0c                stack_menu_index
 .text.run_menu_item
                0x000000000806cf64      0x3c4 build/dm42_menu.o
                0x000000000806cf64                run_menu_item
 .text.orb_str  0x000000000806d328       0x28 build/dm42_menu.o
                0x000000000806d328                orb_str
 .text.layout_str
                0x000000000806d350       0x40 build/dm42_menu.o
                0x000000000806d350                layout_str
 .text.state_str
                0x000000000806d390       0x2c build/dm42_menu.o
                0x000000000806d390                state_str
 .text.menu_line_str
                0x000000000806d3bc      0x304 build/dm42_menu.o
                0x000000000806d3bc                menu_line_str
 .text.Program_Entry
                0x000000000806d6c0       0x48 build/startup_pgm.o
                0x000000000806d6c0                Program_Entry
 .text._ZL12export_hp42si
                0x000000000806d708      0x6c4 lib/libfree42_bcd_rel.a(core_main.o)
 .text._ZL17parse_number_linePc
                0x000000000806ddcc       0xe8 lib/libfree42_bcd_rel.a(core_main.o)
 .text._ZL9set_shiftb.part.0
                0x000000000806deb4       0x24 lib/libfree42_bcd_rel.a(core_main.o)
 .text._ZL7getbytePcPiS0_i.constprop.6
                0x000000000806ded8       0x34 lib/libfree42_bcd_rel.a(core_main.o)
 .text._Z9core_initii
                0x000000000806df0c       0x68 lib/libfree42_bcd_rel.a(core_main.o)
                0x000000000806df0c                core_init(int, int)
 .text._Z20core_repaint_displayv
                0x000000000806df74        0x4 lib/libfree42_bcd_rel.a(core_main.o)
                0x000000000806df74                core_repaint_display()
 .text._Z9core_menuv
                0x000000000806df78       0x1c lib/libfree42_bcd_rel.a(core_main.o)
                0x000000000806df78                core_menu()
 .text._Z15core_alpha_menuv
                0x000000000806df94       0x14 lib/libfree42_bcd_rel.a(core_main.o)
                0x000000000806df94                core_alpha_menu()
 .text._Z13core_hex_menuv
                0x000000000806dfa8       0x18 lib/libfree42_bcd_rel.a(core_main.o)
                0x000000000806dfa8                core_hex_menu()
 .text._Z11core_repeatv
                0x000000000806dfc0       0x24 lib/libfree42_bcd_rel.a(core_main.o)
                0x000000000806dfc0                core_repeat()
 .text._Z16core_keytimeout1v
                0x000000000806dfe4       0x98 lib/libfree42_bcd_rel.a(core_main.o)
                0x000000000806dfe4                core_keytimeout1()
 .text._Z16core_keytimeout2v
                0x000000000806e07c       0x58 lib/libfree42_bcd_rel.a(core_main.o)
                0x000000000806e07c                core_keytimeout2()
 .text._Z13core_timeout3i
                0x000000000806e0d4       0x64 lib/libfree42_bcd_rel.a(core_main.o)
                0x000000000806e0d4                core_timeout3(int)
 .text._Z18core_list_programsPci
                0x000000000806e138      0x158 lib/libfree42_bcd_rel.a(core_main.o)
                0x000000000806e138                core_list_programs(char*, int)
 .text._Z17core_program_sizei
                0x000000000806e290      0x19c lib/libfree42_bcd_rel.a(core_main.o)
                0x000000000806e290                core_program_size(int)
 .text._Z20core_export_programsiPKi
                0x000000000806e42c       0x1c lib/libfree42_bcd_rel.a(core_main.o)
                0x000000000806e42c                core_export_programs(int, int const*)
 .text._Z15set_alpha_entryb
                0x000000000806e448        0xc lib/libfree42_bcd_rel.a(core_main.o)
                0x000000000806e448                set_alpha_entry(bool)
 .text._Z11set_runningb
                0x000000000806e454       0x50 lib/libfree42_bcd_rel.a(core_main.o)
                0x000000000806e454                set_running(bool)
 .text._ZL12handle_errori
                0x000000000806e4a4      0x25c lib/libfree42_bcd_rel.a(core_main.o)
 .text._ZL18stop_interruptiblev
                0x000000000806e700       0x50 lib/libfree42_bcd_rel.a(core_main.o)
 .text._Z21core_enter_backgroundv
                0x000000000806e750       0x20 lib/libfree42_bcd_rel.a(core_main.o)
                0x000000000806e750                core_enter_background()
 .text._Z10core_keyupv
                0x000000000806e770      0x41c lib/libfree42_bcd_rel.a(core_main.o)
                0x000000000806e770                core_keyup()
 .text._Z12core_keydowniPiS_
                0x000000000806eb8c      0x498 lib/libfree42_bcd_rel.a(core_main.o)
                0x000000000806eb8c                core_keydown(int, int*, int*)
 .text._Z20core_import_programsv
                0x000000000806f024      0x76c lib/libfree42_bcd_rel.a(core_main.o)
                0x000000000806f024                core_import_programs()
 .text._Z15program_runningv
                0x000000000806f790        0xc lib/libfree42_bcd_rel.a(core_main.o)
                0x000000000806f790                program_running()
 .text._Z12find_builtinPKcib
                0x000000000806f79c      0x154 lib/libfree42_bcd_rel.a(core_main.o)
                0x000000000806f79c                find_builtin(char const*, int, bool)
 .text._Z3sstv  0x000000000806f8f0       0x54 lib/libfree42_bcd_rel.a(core_main.o)
                0x000000000806f8f0                sst()
 .text._Z3bstv  0x000000000806f944       0x48 lib/libfree42_bcd_rel.a(core_main.o)
                0x000000000806f944                bst()
 .text._Z24fix_thousands_separatorsPcPi
                0x000000000806f98c       0xfc lib/libfree42_bcd_rel.a(core_main.o)
                0x000000000806f98c                fix_thousands_separators(char*, int*)
 .text._Z13find_menu_keyi
                0x000000000806fa88       0x18 lib/libfree42_bcd_rel.a(core_main.o)
                0x000000000806fa88                find_menu_key(int)
 .text._Z24start_incomplete_commandi
                0x000000000806faa0      0x200 lib/libfree42_bcd_rel.a(core_main.o)
                0x000000000806faa0                start_incomplete_command(int)
 .text._Z14do_interactivei
                0x000000000806fca0      0x234 lib/libfree42_bcd_rel.a(core_main.o)
                0x000000000806fca0                do_interactive(int)
 .text._Z20finish_command_entryb
                0x000000000806fed4      0x1d8 lib/libfree42_bcd_rel.a(core_main.o)
                0x000000000806fed4                finish_command_entry(bool)
 .text._Z15core_powercyclev
                0x00000000080700ac      0x194 lib/libfree42_bcd_rel.a(core_main.o)
                0x00000000080700ac                core_powercycle()
 .text._Z10finish_xeqv
                0x0000000008070240       0xdc lib/libfree42_bcd_rel.a(core_main.o)
                0x0000000008070240                finish_xeq()
 .text._Z21start_alpha_prgm_linev
                0x000000000807031c       0x88 lib/libfree42_bcd_rel.a(core_main.o)
                0x000000000807031c                start_alpha_prgm_line()
 .text._Z22finish_alpha_prgm_linev
                0x00000000080703a4       0x80 lib/libfree42_bcd_rel.a(core_main.o)
                0x00000000080703a4                finish_alpha_prgm_line()
 .text._ZL16invrt_completioniP7vartype
                0x0000000008070424        0xc lib/libfree42_bcd_rel.a(core_commands4.o)
 .text._ZL14max_min_helperi
                0x0000000008070430      0x18c lib/libfree42_bcd_rel.a(core_commands4.o)
 .text._ZL15mappable_sinh_r6PhloatPS_
                0x00000000080705bc       0x7c lib/libfree42_bcd_rel.a(core_commands4.o)
 .text._ZL15mappable_tanh_r6PhloatPS_
                0x0000000008070638       0x38 lib/libfree42_bcd_rel.a(core_commands4.o)
 .text._ZL12matedit_movei
                0x0000000008070670      0x450 lib/libfree42_bcd_rel.a(core_commands4.o)
 .text._ZL6matabxi
                0x0000000008070ac0      0x1c0 lib/libfree42_bcd_rel.a(core_commands4.o)
 .text._ZL15mappable_ln_1_x6PhloatPS_
                0x0000000008070c80       0x54 lib/libfree42_bcd_rel.a(core_commands4.o)
 .text._ZL15matx_completioniP7vartype
                0x0000000008070cd4      0x114 lib/libfree42_bcd_rel.a(core_commands4.o)
 .text._ZL15mappable_sinh_c6PhloatS_PS_S0_
                0x0000000008070de8      0x1cc lib/libfree42_bcd_rel.a(core_commands4.o)
 .text._ZL15mappable_tanh_c6PhloatS_PS_S0_
                0x0000000008070fb4      0x2c8 lib/libfree42_bcd_rel.a(core_commands4.o)
 .text._Z11docmd_invrtP10arg_struct
                0x000000000807127c       0x28 lib/libfree42_bcd_rel.a(core_commands4.o)
                0x000000000807127c                docmd_invrt(arg_struct*)
 .text._Z11docmd_j_addP10arg_struct
                0x00000000080712a4       0xbc lib/libfree42_bcd_rel.a(core_commands4.o)
                0x00000000080712a4                docmd_j_add(arg_struct*)
 .text._Z11docmd_j_subP10arg_struct
                0x0000000008071360       0x68 lib/libfree42_bcd_rel.a(core_commands4.o)
                0x0000000008071360                docmd_j_sub(arg_struct*)
 .text._Z12docmd_ln_1_xP10arg_struct
                0x00000000080713c8       0x40 lib/libfree42_bcd_rel.a(core_commands4.o)
                0x00000000080713c8                docmd_ln_1_x(arg_struct*)
 .text._Z10docmd_posaP10arg_struct
                0x0000000008071408      0x128 lib/libfree42_bcd_rel.a(core_commands4.o)
                0x0000000008071408                docmd_posa(arg_struct*)
 .text._Z10docmd_putmP10arg_struct
                0x0000000008071530      0x2dc lib/libfree42_bcd_rel.a(core_commands4.o)
                0x0000000008071530                docmd_putm(arg_struct*)
 .text._Z11docmd_rclelP10arg_struct
                0x000000000807180c       0xe0 lib/libfree42_bcd_rel.a(core_commands4.o)
                0x000000000807180c                docmd_rclel(arg_struct*)
 .text._Z9docmd_oldP10arg_struct
                0x00000000080718ec        0x8 lib/libfree42_bcd_rel.a(core_commands4.o)
                0x00000000080718ec                docmd_old(arg_struct*)
 .text._Z11docmd_rclijP10arg_struct
                0x00000000080718f4       0x6c lib/libfree42_bcd_rel.a(core_commands4.o)
                0x00000000080718f4                docmd_rclij(arg_struct*)
 .text._Z10docmd_rnrmP10arg_struct
                0x0000000008071960      0x2a8 lib/libfree42_bcd_rel.a(core_commands4.o)
                0x0000000008071960                docmd_rnrm(arg_struct*)
 .text._Z10docmd_rsumP10arg_struct
                0x0000000008071c08      0x2b0 lib/libfree42_bcd_rel.a(core_commands4.o)
                0x0000000008071c08                docmd_rsum(arg_struct*)
 .text._Z12docmd_swap_rP10arg_struct
                0x0000000008071eb8      0x2a8 lib/libfree42_bcd_rel.a(core_commands4.o)
                0x0000000008071eb8                docmd_swap_r(arg_struct*)
 .text._Z10docmd_sinhP10arg_struct
                0x0000000008072160       0x40 lib/libfree42_bcd_rel.a(core_commands4.o)
                0x0000000008072160                docmd_sinh(arg_struct*)
 .text._Z11docmd_stoelP10arg_struct
                0x00000000080721a0      0x188 lib/libfree42_bcd_rel.a(core_commands4.o)
                0x00000000080721a0                docmd_stoel(arg_struct*)
 .text._Z10docmd_insrP10arg_struct
                0x0000000008072328      0x598 lib/libfree42_bcd_rel.a(core_commands4.o)
                0x0000000008072328                docmd_insr(arg_struct*)
 .text._Z11docmd_stoijP10arg_struct
                0x00000000080728c0      0x190 lib/libfree42_bcd_rel.a(core_commands4.o)
                0x00000000080728c0                docmd_stoij(arg_struct*)
 .text._Z10docmd_tanhP10arg_struct
                0x0000000008072a50       0x40 lib/libfree42_bcd_rel.a(core_commands4.o)
                0x0000000008072a50                docmd_tanh(arg_struct*)
 .text._Z11docmd_transP10arg_struct
                0x0000000008072a90      0x16c lib/libfree42_bcd_rel.a(core_commands4.o)
                0x0000000008072a90                docmd_trans(arg_struct*)
 .text._Z10docmd_wrapP10arg_struct
                0x0000000008072bfc       0x10 lib/libfree42_bcd_rel.a(core_commands4.o)
                0x0000000008072bfc                docmd_wrap(arg_struct*)
 .text._Z12docmd_x_swapP10arg_struct
                0x0000000008072c0c       0x5c lib/libfree42_bcd_rel.a(core_commands4.o)
                0x0000000008072c0c                docmd_x_swap(arg_struct*)
 .text._Z10docmd_leftP10arg_struct
                0x0000000008072c68        0x8 lib/libfree42_bcd_rel.a(core_commands4.o)
                0x0000000008072c68                docmd_left(arg_struct*)
 .text._Z8docmd_upP10arg_struct
                0x0000000008072c70        0x8 lib/libfree42_bcd_rel.a(core_commands4.o)
                0x0000000008072c70                docmd_up(arg_struct*)
 .text._Z10docmd_downP10arg_struct
                0x0000000008072c78        0x8 lib/libfree42_bcd_rel.a(core_commands4.o)
                0x0000000008072c78                docmd_down(arg_struct*)
 .text._Z11docmd_rightP10arg_struct
                0x0000000008072c80        0x8 lib/libfree42_bcd_rel.a(core_commands4.o)
                0x0000000008072c80                docmd_right(arg_struct*)
 .text._Z16docmd_percent_chP10arg_struct
                0x0000000008072c88      0x144 lib/libfree42_bcd_rel.a(core_commands4.o)
                0x0000000008072c88                docmd_percent_ch(arg_struct*)
 .text._Z10docmd_mataP10arg_struct
                0x0000000008072dcc        0x8 lib/libfree42_bcd_rel.a(core_commands4.o)
                0x0000000008072dcc                docmd_mata(arg_struct*)
 .text._Z10docmd_matbP10arg_struct
                0x0000000008072dd4        0x8 lib/libfree42_bcd_rel.a(core_commands4.o)
                0x0000000008072dd4                docmd_matb(arg_struct*)
 .text._Z10docmd_matxP10arg_struct
                0x0000000008072ddc        0x8 lib/libfree42_bcd_rel.a(core_commands4.o)
                0x0000000008072ddc                docmd_matx(arg_struct*)
 .text._Z10docmd_simqP10arg_struct
                0x0000000008072de4      0x18c lib/libfree42_bcd_rel.a(core_commands4.o)
                0x0000000008072de4                docmd_simq(arg_struct*)
 .text._Z9docmd_maxP10arg_struct
                0x0000000008072f70        0x8 lib/libfree42_bcd_rel.a(core_commands4.o)
                0x0000000008072f70                docmd_max(arg_struct*)
 .text._Z9docmd_minP10arg_struct
                0x0000000008072f78        0x8 lib/libfree42_bcd_rel.a(core_commands4.o)
                0x0000000008072f78                docmd_min(arg_struct*)
 .text._Z10docmd_findP10arg_struct
                0x0000000008072f80      0x220 lib/libfree42_bcd_rel.a(core_commands4.o)
                0x0000000008072f80                docmd_find(arg_struct*)
 .text._Z10docmd_xromP10arg_struct
                0x00000000080731a0        0x4 lib/libfree42_bcd_rel.a(core_commands4.o)
                0x00000000080731a0                docmd_xrom(arg_struct*)
 .text._ZL11set_appmenuib
                0x00000000080731a4       0x68 lib/libfree42_bcd_rel.a(core_display.o)
 .text._ZL25procrustean_phloat2string6PhloatPci
                0x000000000807320c      0x1a4 lib/libfree42_bcd_rel.a(core_display.o)
 .text._ZL10mark_dirtyiiii
                0x00000000080733b0       0x60 lib/libfree42_bcd_rel.a(core_display.o)
 .text._ZL8draw_keyiiiPKci
                0x0000000008073410      0x1c0 lib/libfree42_bcd_rel.a(core_display.o)
 .text._ZL13get_cat_indexv
                0x00000000080735d0       0x50 lib/libfree42_bcd_rel.a(core_display.o)
 .text._ZL12draw_catalogv
                0x0000000008073620      0x660 lib/libfree42_bcd_rel.a(core_display.o)
 .text._Z13flush_displayv.part.3
                0x0000000008073c80       0x48 lib/libfree42_bcd_rel.a(core_display.o)
 .text._Z9draw_chariic.part.4
                0x0000000008073cc8       0x98 lib/libfree42_bcd_rel.a(core_display.o)
 .text._Z19core_display_bufferv
                0x0000000008073d60        0x8 lib/libfree42_bcd_rel.a(core_display.o)
                0x0000000008073d60                core_display_buffer()
 .text._Z15persist_displayv
                0x0000000008073d68       0xd0 lib/libfree42_bcd_rel.a(core_display.o)
                0x0000000008073d68                persist_display()
 .text._Z17unpersist_displayi
                0x0000000008073e38      0x150 lib/libfree42_bcd_rel.a(core_display.o)
                0x0000000008073e38                unpersist_display(int)
 .text._Z13clear_displayv
                0x0000000008073f88       0x2c lib/libfree42_bcd_rel.a(core_display.o)
                0x0000000008073f88                clear_display()
 .text._Z13flush_displayv
                0x0000000008073fb4       0x10 lib/libfree42_bcd_rel.a(core_display.o)
                0x0000000008073fb4                flush_display()
 .text._Z15repaint_displayv
                0x0000000008073fc4       0x24 lib/libfree42_bcd_rel.a(core_display.o)
                0x0000000008073fc4                repaint_display()
 .text._Z10draw_pixelii
                0x0000000008073fe8       0x48 lib/libfree42_bcd_rel.a(core_display.o)
                0x0000000008073fe8                draw_pixel(int, int)
 .text._Z12draw_pattern6PhloatS_PKci
                0x0000000008074030      0x450 lib/libfree42_bcd_rel.a(core_display.o)
                0x0000000008074030                draw_pattern(Phloat, Phloat, char const*, int)
 .text._Z6squeakv
                0x0000000008074480       0x18 lib/libfree42_bcd_rel.a(core_display.o)
                0x0000000008074480                squeak()
 .text._Z4tonei
                0x0000000008074498       0x20 lib/libfree42_bcd_rel.a(core_display.o)
                0x0000000008074498                tone(int)
 .text._Z9draw_chariic
                0x00000000080744b8       0x24 lib/libfree42_bcd_rel.a(core_display.o)
                0x00000000080744b8                draw_char(int, int, char)
 .text._Z8get_charPcc
                0x00000000080744dc       0x28 lib/libfree42_bcd_rel.a(core_display.o)
                0x00000000080744dc                get_char(char*, char)
 .text._Z11draw_stringiiPKci
                0x0000000008074504       0x30 lib/libfree42_bcd_rel.a(core_display.o)
                0x0000000008074504                draw_string(int, int, char const*, int)
 .text._Z9clear_rowi
                0x0000000008074534       0x50 lib/libfree42_bcd_rel.a(core_display.o)
                0x0000000008074534                clear_row(int)
 .text._Z9fly_goosev
                0x0000000008074584       0x7c lib/libfree42_bcd_rel.a(core_display.o)
                0x0000000008074584                fly_goose()
 .text._Z9display_xi
                0x0000000008074600       0xf4 lib/libfree42_bcd_rel.a(core_display.o)
                0x0000000008074600                display_x(int)
 .text._Z9display_yi
                0x00000000080746f4       0x88 lib/libfree42_bcd_rel.a(core_display.o)
                0x00000000080746f4                display_y(int)
 .text._Z26display_incomplete_commandi
                0x000000000807477c      0x2c0 lib/libfree42_bcd_rel.a(core_display.o)
                0x000000000807477c                display_incomplete_command(int)
 .text._Z13display_errorii
                0x0000000008074a3c       0x80 lib/libfree42_bcd_rel.a(core_display.o)
                0x0000000008074a3c                display_error(int, int)
 .text._Z12draw_varmenuv
                0x0000000008074abc      0x1b8 lib/libfree42_bcd_rel.a(core_display.o)
                0x0000000008074abc                draw_varmenu()
 .text._Z11display_memv
                0x0000000008074c74       0x9c lib/libfree42_bcd_rel.a(core_display.o)
                0x0000000008074c74                display_mem()
 .text._Z13print_displayv
                0x0000000008074d10       0x2c lib/libfree42_bcd_rel.a(core_display.o)
                0x0000000008074d10                print_display()
 .text._Z11command2bufPciiPK10arg_struct
                0x0000000008074d3c      0x3f4 lib/libfree42_bcd_rel.a(core_display.o)
                0x0000000008074d3c                command2buf(char*, int, int, arg_struct const*)
 .text._Z12prgmline2bufPciiiiP10arg_structbb
                0x0000000008075130      0x2a4 lib/libfree42_bcd_rel.a(core_display.o)
                0x0000000008075130                prgmline2buf(char*, int, int, int, int, arg_struct*, bool, bool)
 .text._Z17display_prgm_lineii
                0x00000000080753d4      0x174 lib/libfree42_bcd_rel.a(core_display.o)
                0x00000000080753d4                display_prgm_line(int, int)
 .text._Z4showv
                0x0000000008075548      0x57c lib/libfree42_bcd_rel.a(core_display.o)
                0x0000000008075548                show()
 .text._ZL20print_program_workeri
                0x0000000008075ac4      0x2d4 lib/libfree42_bcd_rel.a(core_display.o)
 .text._Z13print_programiiii
                0x0000000008075d98       0xd4 lib/libfree42_bcd_rel.a(core_display.o)
                0x0000000008075d98                print_program(int, int, int, int)
 .text._Z18print_program_lineii
                0x0000000008075e6c        0x8 lib/libfree42_bcd_rel.a(core_display.o)
                0x0000000008075e6c                print_program_line(int, int)
 .text._Z24set_appmenu_exitcallbacki
                0x0000000008075e74        0xc lib/libfree42_bcd_rel.a(core_display.o)
                0x0000000008075e74                set_appmenu_exitcallback(int)
 .text._Z16set_catalog_menui
                0x0000000008075e80       0x8c lib/libfree42_bcd_rel.a(core_display.o)
                0x0000000008075e80                set_catalog_menu(int)
 .text._Z14get_front_menuv
                0x0000000008075f0c       0x44 lib/libfree42_bcd_rel.a(core_display.o)
                0x0000000008075f0c                get_front_menu()
 .text._Z19set_menu_return_erriib
                0x0000000008075f50      0x108 lib/libfree42_bcd_rel.a(core_display.o)
                0x0000000008075f50                set_menu_return_err(int, int, bool)
 .text._Z8set_menuii
                0x0000000008076058       0x28 lib/libfree42_bcd_rel.a(core_display.o)
                0x0000000008076058                set_menu(int, int)
 .text._Z15display_commandi
                0x0000000008076080      0x2d8 lib/libfree42_bcd_rel.a(core_display.o)
                0x0000000008076080                display_command(int)
 .text._Z9redisplayv
                0x0000000008076358      0x8e4 lib/libfree42_bcd_rel.a(core_display.o)
                0x0000000008076358                redisplay()
 .text._Z13set_plainmenui
                0x0000000008076c3c      0x13c lib/libfree42_bcd_rel.a(core_display.o)
                0x0000000008076c3c                set_plainmenu(int)
 .text._Z15set_cat_sectioni
                0x0000000008076d78       0x18 lib/libfree42_bcd_rel.a(core_display.o)
                0x0000000008076d78                set_cat_section(int)
 .text._Z15get_cat_sectionv
                0x0000000008076d90       0x18 lib/libfree42_bcd_rel.a(core_display.o)
                0x0000000008076d90                get_cat_section()
 .text._Z12move_cat_rowi
                0x0000000008076da8       0x58 lib/libfree42_bcd_rel.a(core_display.o)
                0x0000000008076da8                move_cat_row(int)
 .text._Z11set_cat_rowi
                0x0000000008076e00       0x18 lib/libfree42_bcd_rel.a(core_display.o)
                0x0000000008076e00                set_cat_row(int)
 .text._Z11get_cat_rowv
                0x0000000008076e18       0x18 lib/libfree42_bcd_rel.a(core_display.o)
                0x0000000008076e18                get_cat_row()
 .text._Z12get_cat_itemi
                0x0000000008076e30       0x20 lib/libfree42_bcd_rel.a(core_display.o)
                0x0000000008076e30                get_cat_item(int)
 .text._Z14update_catalogv
                0x0000000008076e50      0x10c lib/libfree42_bcd_rel.a(core_display.o)
                0x0000000008076e50                update_catalog()
 .text._Z17clear_custom_menuv
                0x0000000008076f5c       0x20 lib/libfree42_bcd_rel.a(core_display.o)
                0x0000000008076f5c                clear_custom_menu()
 .text._Z17assign_custom_keyiPKci
                0x0000000008076f7c       0x4c lib/libfree42_bcd_rel.a(core_display.o)
                0x0000000008076f7c                assign_custom_key(int, char const*, int)
 .text._Z14get_custom_keyiPcPi
                0x0000000008076fc8       0x40 lib/libfree42_bcd_rel.a(core_display.o)
                0x0000000008076fc8                get_custom_key(int, char*, int*)
 .text._Z15clear_prgm_menuv
                0x0000000008077008       0x28 lib/libfree42_bcd_rel.a(core_display.o)
                0x0000000008077008                clear_prgm_menu()
 .text._Z15assign_prgm_keyiiPK10arg_struct